13:10:37.121 [main                     ] DEBUG Logger               - Configured Logger
13:10:37.199 [main                     ] DEBUG GameApplication      - Logging settings
Title: 点名器
Version: 1.0
Width: 400
Height: 500
Fullscreen: false
Intro: false
Profiling: false
Single step:false
App Mode: DEVELOPER
Menu Key: ESCAPE
Stage Style: DECORATED
Scene Factory: class com.almasb.fxgl.app.scene.SceneFactory

13:10:37.954 [JavaFX Application Thread] DEBUG FXGLApplication      - Initializing FXGL
13:10:37.968 [JavaFX Application Thread] INFO  Engine               - FXGL-17.3 (30.03.2023 11.49) on WINDOWS (J:17.0.12 FX:17.0.6)
13:10:37.968 [JavaFX Application Thread] DEBUG Engine               - JRE Vendor Name: Oracle Corporation
13:10:37.969 [JavaFX Application Thread] DEBUG Engine               - Running on OS: Windows 10 version 10.0
13:10:37.969 [JavaFX Application Thread] DEBUG Engine               - Architecture: amd64
13:10:37.969 [JavaFX Application Thread] INFO  Engine               - Source code and latest versions at: https://github.com/AlmasB/FXGL
13:10:37.970 [JavaFX Application Thread] INFO  Engine               -       Ask questions and discuss at: https://github.com/AlmasB/FXGL/discussions
13:10:37.970 [JavaFX Application Thread] INFO  Engine               -              Join the FXGL chat at: https://gitter.im/AlmasB/FXGL
13:10:38.253 [JavaFX Application Thread] DEBUG PrimaryStageWindow   - Creating a JavaFX scene
13:10:38.337 [JavaFX Application Thread] DEBUG PrimaryStageWindow   - Target settings size: 400.0 x 500.0
13:10:38.338 [JavaFX Application Thread] DEBUG PrimaryStageWindow   - Scaled scene size:    400.0 x 500.0
13:10:38.338 [JavaFX Application Thread] DEBUG PrimaryStageWindow   - Scaled ratio: (1.0, 1.0)
13:10:38.340 [JavaFX Application Thread] DEBUG PrimaryStageWindow   - Set initial scene to FXGLStartupScene
13:10:38.352 [JavaFX Application Thread] DEBUG PrimaryStageWindow   - Opening main window
13:10:38.514 [JavaFX Application Thread] DEBUG PrimaryStageWindow   - Window border size: (16.0, 39.0)
13:10:38.515 [JavaFX Application Thread] DEBUG PrimaryStageWindow   - Scaled size: 400.0 x 500.0
13:10:38.515 [JavaFX Application Thread] DEBUG PrimaryStageWindow   - Scaled ratio: (1.0, 1.0)
13:10:38.516 [JavaFX Application Thread] DEBUG PrimaryStageWindow   - Scene size: 400.0 x 500.0
13:10:38.517 [JavaFX Application Thread] DEBUG PrimaryStageWindow   - Stage size: 416.0 x 539.0
13:10:38.534 [FXGL Background Thread 1 ] DEBUG Engine               - Initializing environment variables
13:10:38.705 [FXGL Background Thread 1 ] DEBUG FXGLAssetLoaderServi - User app class for loading assets: class com.wmp.callroll.MainApplication
13:10:38.706 [FXGL Background Thread 1 ] DEBUG GameApplicationServi - Applying CSS: fxgl_dark.css
13:10:38.707 [FXGL Background Thread 1 ] DEBUG FXGLAssetLoaderServi - Loading from file system: jar:file:/C:/Users/21348/Desktop/%e5%90%b4%e9%b9%a4%e8%bd%a9/Java/CallRoll/out/artifacts/CallRoll_jar/CallRoll.jar!/fxglassets/ui/css/fxgl_dark.css
13:10:38.839 [FXGL Background Thread 1 ] DEBUG GameApplicationServi - Initializing application scenes
13:10:39.054 [FXGL Background Thread 1 ] DEBUG GameWorld            - Game world initialized
13:10:39.177 [FXGL Background Thread 1 ] DEBUG PhysicsWorld         - Physics world initialized: appHeight=500, physics.ppm=50.0
13:10:39.178 [FXGL Background Thread 1 ] DEBUG PhysicsWorld         - Using strategy: BRUTE_FORCE
13:10:39.189 [FXGL Background Thread 1 ] DEBUG GameScene            - Game scene initialized: 400x500
13:10:39.214 [FXGL Background Thread 1 ] WARN  FXGL.DefaultMenu     - FXGLDefaultMenu is not designed for resolutions < 800x600
13:10:39.216 [FXGL Background Thread 1 ] DEBUG FXGL.DefaultMenu     - createMenuBodyGameMenu()
13:10:39.251 [FXGL Background Thread 1 ] DEBUG FXGL.DefaultMenu     - createOptionsMenu()
13:10:39.274 [FXGL Background Thread 1 ] DEBUG FXGLAssetLoaderServi - Loading from file system: jar:file:/C:/Users/21348/Desktop/%e5%90%b4%e9%b9%a4%e8%bd%a9/Java/CallRoll/out/artifacts/CallRoll_jar/CallRoll.jar!/fxglassets/textures/particles/smoke.png
13:10:39.544 [FXGL Background Thread 1 ] DEBUG FXGLAssetLoaderServi - Loading from file system: jar:file:/C:/Users/21348/Desktop/%e5%90%b4%e9%b9%a4%e8%bd%a9/Java/CallRoll/out/artifacts/CallRoll_jar/CallRoll.jar!/fxglassets/textures/particles/trace_horizontal.png
13:10:39.644 [FXGL Background Thread 1 ] DEBUG GameApplicationServi - Application scenes initialized
13:10:39.702 [FXGL Background Thread 1 ] DEBUG SystemBundleService  - Loading default FXGL system data
13:10:39.704 [FXGL Background Thread 1 ] DEBUG UpdaterService       - Checking for updates
13:10:39.723 [FXGL Background Thread 1 ] DEBUG FXGLApplication      - Loading default localization
13:10:39.727 [FXGL Background Thread 1 ] DEBUG FXGLAssetLoaderServi - Loading from file system: jar:file:/C:/Users/21348/Desktop/%e5%90%b4%e9%b9%a4%e8%bd%a9/Java/CallRoll/out/artifacts/CallRoll_jar/CallRoll.jar!/fxglassets/languages/english.lang
13:10:39.773 [FXGL Background Thread 4 ] DEBUG FXGLApplication      - Loading fonts
13:10:39.778 [FXGL Background Thread 4 ] DEBUG FXGLAssetLoaderServi - Loading from file system: jar:file:/C:/Users/21348/Desktop/%e5%90%b4%e9%b9%a4%e8%bd%a9/Java/CallRoll/out/artifacts/CallRoll_jar/CallRoll.jar!/fxglassets/ui/fonts/VarelaRound-Regular.ttf
13:10:39.824 [FXGL Background Thread 1 ] INFO  FXGLApplication      - FXGL initialization took: 1.290 sec
13:10:39.834 [JavaFX Application Thread] DEBUG FXGLAssetLoaderServi - Loading from file system: jar:file:/C:/Users/21348/Desktop/%e5%90%b4%e9%b9%a4%e8%bd%a9/Java/CallRoll/out/artifacts/CallRoll_jar/CallRoll.jar!/fxglassets/textures/fxgl_icon.png
13:10:39.898 [JavaFX Application Thread] DEBUG FXGLAssetLoaderServi - Loading from file system: jar:file:/C:/Users/21348/Desktop/%e5%90%b4%e9%b9%a4%e8%bd%a9/Java/CallRoll/out/artifacts/CallRoll_jar/CallRoll.jar!/fxglassets/textures/fxgl_default_cursor.png
13:10:39.972 [JavaFX Application Thread] DEBUG Input                - Registered new binding: Screenshot - CTRL+8
13:10:39.973 [JavaFX Application Thread] DEBUG Input                - Registered new binding: System info dump - CTRL+9
13:10:39.974 [JavaFX Application Thread] DEBUG Input                - Registered new binding: Restart - CTRL+R
13:10:39.978 [JavaFX Application Thread] DEBUG Input                - Registered new binding: Toggle Debug Camera - CTRL+7
13:10:39.984 [JavaFX Application Thread] DEBUG LoopRunner           - Starting loop
13:10:39.988 [JavaFX Application Thread] DEBUG LoopRunner           - Initializing JavaFX AnimationTimerLoop
13:10:39.995 [JavaFX Application Thread] DEBUG GameApplicationServi - Starting new game
13:10:39.996 [JavaFX Application Thread] DEBUG Input                - Clearing active input actions
13:10:40.106 [JavaFX Application Thread] DEBUG GameApplicationServi - Removing overlay from FXGLStartupScene and adding to FXGLLoadingScene
13:10:40.108 [JavaFX Application Thread] DEBUG PrimaryStageWindow   - FXGLStartupScene -> FXGLLoadingScene
13:10:40.108 [JavaFX Application Thread] DEBUG GameApplicationServi - Clearing previous game
13:10:40.108 [JavaFX Application Thread] DEBUG GameScene            - Clearing game scene
13:10:40.108 [JavaFX Application Thread] DEBUG GameWorld            - Clearing game world
13:10:40.109 [JavaFX Application Thread] DEBUG PhysicsWorld         - Clearing physics world
13:10:40.112 [FXGL Background Thread 1 ] DEBUG FXGLApplication      - Initializing game
13:10:40.317 [FXGL Background Thread 1 ] INFO  FXGLApplication      - Game initialization took: 0.204 sec
13:10:40.417 [JavaFX Application Thread] DEBUG Input                - Clearing active input actions
13:10:40.464 [JavaFX Application Thread] DEBUG GameApplicationServi - Removing overlay from FXGLLoadingScene and adding to GameScene
13:10:40.464 [JavaFX Application Thread] DEBUG PrimaryStageWindow   - FXGLLoadingScene -> GameScene
13:10:41.031 [FXGL Background Thread 4 ] DEBUG FXGLAssetLoaderServi - Loading from file system: jar:file:/C:/Users/21348/Desktop/%e5%90%b4%e9%b9%a4%e8%bd%a9/Java/CallRoll/out/artifacts/CallRoll_jar/CallRoll.jar!/fxglassets/ui/fonts/Abel-Regular.ttf
13:10:41.041 [FXGL Background Thread 4 ] DEBUG FXGLAssetLoaderServi - Loading from file system: jar:file:/C:/Users/21348/Desktop/%e5%90%b4%e9%b9%a4%e8%bd%a9/Java/CallRoll/out/artifacts/CallRoll_jar/CallRoll.jar!/fxglassets/ui/fonts/TerminalLandMono-Regular.otf
13:10:41.070 [FXGL Background Thread 4 ] DEBUG FXGLAssetLoaderServi - Loading from file system: jar:file:/C:/Users/21348/Desktop/%e5%90%b4%e9%b9%a4%e8%bd%a9/Java/CallRoll/out/artifacts/CallRoll_jar/CallRoll.jar!/fxglassets/ui/fonts/Courier-Prime.ttf
13:10:41.095 [JavaFX Application Thread] DEBUG FXGLApplication      - Registering font factories with UI factory
13:10:41.308 [FXGL Background Thread 2 ] WARN  UpdaterService       - Failed to find updates: javax.net.ssl.SSLHandshakeException: PKIX path building failed: sun.security.provider.certpath.SunCertPathBuilderException: unable to find valid certification path to requested target
13:10:42.717 [FXGL Background Thread 3 ] DEBUG Engine               - Logging environment variables
13:10:42.718 [FXGL Background Thread 3 ] DEBUG Engine               - achievements: []
13:10:42.718 [FXGL Background Thread 3 ] DEBUG Engine               - actualHeight: 500.0
13:10:42.718 [FXGL Background Thread 3 ] DEBUG Engine               - actualHeightProperty: ReadOnlyDoubleProperty [value: 500.0]
13:10:42.718 [FXGL Background Thread 3 ] DEBUG Engine               - actualWidth: 400.0
13:10:42.719 [FXGL Background Thread 3 ] DEBUG Engine               - actualWidthProperty: ReadOnlyDoubleProperty [value: 400.0]
13:10:42.719 [FXGL Background Thread 3 ] DEBUG Engine               - appIcon: fxgl_icon.png
13:10:42.719 [FXGL Background Thread 3 ] DEBUG Engine               - applicationMode: DEVELOPER
13:10:42.719 [FXGL Background Thread 3 ] DEBUG Engine               - cSSList: [fxgl_dark.css]
13:10:42.719 [FXGL Background Thread 3 ] DEBUG Engine               - collisionDetectionStrategy: BRUTE_FORCE
13:10:42.719 [FXGL Background Thread 3 ] DEBUG Engine               - configClass: Optional.empty
13:10:42.719 [FXGL Background Thread 3 ] DEBUG Engine               - credits: []
13:10:42.721 [FXGL Background Thread 3 ] DEBUG Engine               - defaultCursor: CursorInfo(imageName=fxgl_default_cursor.png, hotspotX=7.0, hotspotY=6.0)
13:10:42.721 [FXGL Background Thread 3 ] DEBUG Engine               - devBBoxColorProperty: ObjectProperty [value: 0xff0000ff]
13:10:42.721 [FXGL Background Thread 3 ] DEBUG Engine               - devEnableDebugCameraProperty: BooleanProperty [value: false]
13:10:42.722 [FXGL Background Thread 3 ] DEBUG Engine               - devSensorColorProperty: ObjectProperty [value: 0xffff00ff]
13:10:42.722 [FXGL Background Thread 3 ] DEBUG Engine               - devShowBBoxProperty: BooleanProperty [value: false]
13:10:42.722 [FXGL Background Thread 3 ] DEBUG Engine               - devShowPositionProperty: BooleanProperty [value: false]
13:10:42.722 [FXGL Background Thread 3 ] DEBUG Engine               - enabledMenuItems: []
13:10:42.722 [FXGL Background Thread 3 ] DEBUG Engine               - engineServices: [class com.almasb.fxgl.app.services.FXGLAssetLoaderService, class com.almasb.fxgl.app.FXGLApplication$GameApplicationService, class com.almasb.fxgl.app.services.FXGLDialogService, class com.almasb.fxgl.app.services.IOTaskExecutorService, class com.almasb.fxgl.io.FileSystemService, class com.almasb.fxgl.localization.LocalizationService, class com.almasb.fxgl.app.services.SystemBundleService, class com.almasb.fxgl.profile.SaveLoadService, class com.almasb.fxgl.ui.FXGLUIFactoryServiceProvider, class com.almasb.fxgl.ui.FXGLDialogFactoryServiceProvider, class com.almasb.fxgl.audio.AudioPlayer, class com.almasb.fxgl.notification.impl.NotificationServiceProvider, class com.almasb.fxgl.achievement.AchievementService, class com.almasb.fxgl.cutscene.CutsceneService, class com.almasb.fxgl.minigames.MiniGameService, class com.almasb.fxgl.net.NetService, class com.almasb.fxgl.app.services.UpdaterService, class com.almasb.fxgl.dev.DevService]
13:10:42.723 [FXGL Background Thread 3 ] DEBUG Engine               - fontGame: Abel-Regular.ttf
13:10:42.723 [FXGL Background Thread 3 ] DEBUG Engine               - fontMono: TerminalLandMono-Regular.otf
13:10:42.723 [FXGL Background Thread 3 ] DEBUG Engine               - fontSizeScaleUI: 1.0
13:10:42.723 [FXGL Background Thread 3 ] DEBUG Engine               - fontText: Courier-Prime.ttf
13:10:42.723 [FXGL Background Thread 3 ] DEBUG Engine               - fontUI: VarelaRound-Regular.ttf
13:10:42.723 [FXGL Background Thread 3 ] DEBUG Engine               - fullScreen: BooleanProperty [value: false]
13:10:42.724 [FXGL Background Thread 3 ] DEBUG Engine               - gameDifficulty: MEDIUM
13:10:42.724 [FXGL Background Thread 3 ] DEBUG Engine               - gameDifficultyProperty: ObjectProperty [value: MEDIUM]
13:10:42.724 [FXGL Background Thread 3 ] DEBUG Engine               - globalMusicVolume: 0.5
13:10:42.724 [FXGL Background Thread 3 ] DEBUG Engine               - globalMusicVolumeProperty: DoubleProperty [value: 0.5]
13:10:42.724 [FXGL Background Thread 3 ] DEBUG Engine               - globalSoundVolume: 0.5
13:10:42.724 [FXGL Background Thread 3 ] DEBUG Engine               - globalSoundVolumeProperty: DoubleProperty [value: 0.5]
13:10:42.724 [FXGL Background Thread 3 ] DEBUG Engine               - height: 500
13:10:42.724 [FXGL Background Thread 3 ] DEBUG Engine               - is3D: false
13:10:42.725 [FXGL Background Thread 3 ] DEBUG Engine               - isAndroid: false
13:10:42.725 [FXGL Background Thread 3 ] DEBUG Engine               - isBrowser: false
13:10:42.725 [FXGL Background Thread 3 ] DEBUG Engine               - isClickFeedbackEnabled: false
13:10:42.725 [FXGL Background Thread 3 ] DEBUG Engine               - isCloseConfirmation: false
13:10:42.725 [FXGL Background Thread 3 ] DEBUG Engine               - isDesktop: true
13:10:42.726 [FXGL Background Thread 3 ] DEBUG Engine               - isDeveloperMenuEnabled: false
13:10:42.726 [FXGL Background Thread 3 ] DEBUG Engine               - isEmbedded: false
13:10:42.726 [FXGL Background Thread 3 ] DEBUG Engine               - isEntityPreloadEnabled: true
13:10:42.726 [FXGL Background Thread 3 ] DEBUG Engine               - isExperimentalTiledLargeMap: false
13:10:42.727 [FXGL Background Thread 3 ] DEBUG Engine               - isFileSystemWriteAllowed: true
13:10:42.727 [FXGL Background Thread 3 ] DEBUG Engine               - isFullScreenAllowed: false
13:10:42.727 [FXGL Background Thread 3 ] DEBUG Engine               - isFullScreenFromStart: false
13:10:42.727 [FXGL Background Thread 3 ] DEBUG Engine               - isGameMenuEnabled: true
13:10:42.727 [FXGL Background Thread 3 ] DEBUG Engine               - isIOS: false
13:10:42.727 [FXGL Background Thread 3 ] DEBUG Engine               - isIntroEnabled: false
13:10:42.727 [FXGL Background Thread 3 ] DEBUG Engine               - isLinux: false
13:10:42.727 [FXGL Background Thread 3 ] DEBUG Engine               - isMac: false
13:10:42.728 [FXGL Background Thread 3 ] DEBUG Engine               - isMainMenuEnabled: false
13:10:42.728 [FXGL Background Thread 3 ] DEBUG Engine               - isManualResizeEnabled: false
13:10:42.728 [FXGL Background Thread 3 ] DEBUG Engine               - isMobile: false
13:10:42.728 [FXGL Background Thread 3 ] DEBUG Engine               - isNative: false
13:10:42.728 [FXGL Background Thread 3 ] DEBUG Engine               - isPauseMusicWhenMinimized: true
13:10:42.728 [FXGL Background Thread 3 ] DEBUG Engine               - isPreserveResizeRatio: false
13:10:42.728 [FXGL Background Thread 3 ] DEBUG Engine               - isProfilingEnabled: false
13:10:42.729 [FXGL Background Thread 3 ] DEBUG Engine               - isScaleAffectedOnResize: true
13:10:42.729 [FXGL Background Thread 3 ] DEBUG Engine               - isSingleStep: false
13:10:42.729 [FXGL Background Thread 3 ] DEBUG Engine               - isUserProfileEnabled: false
13:10:42.729 [FXGL Background Thread 3 ] DEBUG Engine               - isWindows: true
13:10:42.729 [FXGL Background Thread 3 ] DEBUG Engine               - language: ObjectProperty [value: ENGLISH]
13:10:42.729 [FXGL Background Thread 3 ] DEBUG Engine               - menuKey: ESCAPE
13:10:42.729 [FXGL Background Thread 3 ] DEBUG Engine               - mouseSensitivity: 0.2
13:10:42.729 [FXGL Background Thread 3 ] DEBUG Engine               - notificationViewClass: class com.almasb.fxgl.notification.view.XboxNotificationView
13:10:42.730 [FXGL Background Thread 3 ] DEBUG Engine               - pixelsPerMeter: 50.0
13:10:42.730 [FXGL Background Thread 3 ] DEBUG Engine               - platform: WINDOWS
13:10:42.730 [FXGL Background Thread 3 ] DEBUG Engine               - prefHeightProperty: ReadOnlyDoubleProperty [value: 500.0]
13:10:42.730 [FXGL Background Thread 3 ] DEBUG Engine               - prefWidthProperty: ReadOnlyDoubleProperty [value: 400.0]
13:10:42.730 [FXGL Background Thread 3 ] DEBUG Engine               - profileDir: profiles/
13:10:42.730 [FXGL Background Thread 3 ] DEBUG Engine               - profileName: StringProperty [value: DEFAULT]
13:10:42.730 [FXGL Background Thread 3 ] DEBUG Engine               - randomSeed: -1
13:10:42.731 [FXGL Background Thread 3 ] DEBUG Engine               - runtimeInfo: RuntimeInfo(platform=WINDOWS, version=17.3, build=30.03.2023 11.49)
13:10:42.731 [FXGL Background Thread 3 ] DEBUG Engine               - saveFileExt: sav
13:10:42.731 [FXGL Background Thread 3 ] DEBUG Engine               - scaledHeightProp$fxgl: DoubleProperty [bound, value: 500.0]
13:10:42.731 [FXGL Background Thread 3 ] DEBUG Engine               - scaledWidthProp$fxgl: DoubleProperty [bound, value: 400.0]
13:10:42.732 [FXGL Background Thread 3 ] DEBUG Engine               - sceneFactory: com.almasb.fxgl.app.scene.SceneFactory@5930e028
13:10:42.732 [FXGL Background Thread 3 ] DEBUG Engine               - secondsIn24h: 60
13:10:42.732 [FXGL Background Thread 3 ] DEBUG Engine               - soundMenuBack: menu/back.wav
13:10:42.732 [FXGL Background Thread 3 ] DEBUG Engine               - soundMenuPress: menu/press.wav
13:10:42.732 [FXGL Background Thread 3 ] DEBUG Engine               - soundMenuSelect: menu/select.wav
13:10:42.732 [FXGL Background Thread 3 ] DEBUG Engine               - soundNotification: core/notification.wav
13:10:42.733 [FXGL Background Thread 3 ] DEBUG Engine               - stageStyle: DECORATED
13:10:42.733 [FXGL Background Thread 3 ] DEBUG Engine               - supportedLanguages: [ENGLISH, FRENCH, GERMAN, HUNGARIAN, RUSSIAN]
13:10:42.733 [FXGL Background Thread 3 ] DEBUG Engine               - ticksPerSecond: -1
13:10:42.733 [FXGL Background Thread 3 ] DEBUG Engine               - title: 点名器
13:10:42.733 [FXGL Background Thread 3 ] DEBUG Engine               - urlGithub: https://github.com/AlmasB/FXGL
13:10:42.733 [FXGL Background Thread 3 ] DEBUG Engine               - urlLeaderboard: http://fxgl-top.herokuapp.com/
13:10:42.733 [FXGL Background Thread 3 ] DEBUG Engine               - urlPOM: https://raw.githubusercontent.com/AlmasB/FXGL/release/README.md
13:10:42.733 [FXGL Background Thread 3 ] DEBUG Engine               - userAppClass: class com.wmp.callroll.MainApplication
13:10:42.733 [FXGL Background Thread 3 ] DEBUG Engine               - version: 1.0
13:10:42.734 [FXGL Background Thread 3 ] DEBUG Engine               - versionCheckDays: 7
13:10:42.734 [FXGL Background Thread 3 ] DEBUG Engine               - width: 400
13:10:42.734 [FXGL Background Thread 3 ] DEBUG Engine               - Logging services
13:10:42.734 [FXGL Background Thread 3 ] DEBUG Engine               - class com.almasb.fxgl.app.services.FXGLAssetLoaderService
13:10:42.734 [FXGL Background Thread 3 ] DEBUG Engine               - class com.almasb.fxgl.app.FXGLApplication$GameApplicationService
13:10:42.735 [FXGL Background Thread 3 ] DEBUG Engine               - class com.almasb.fxgl.app.services.FXGLDialogService
13:10:42.735 [FXGL Background Thread 3 ] DEBUG Engine               - class com.almasb.fxgl.app.services.IOTaskExecutorService
13:10:42.735 [FXGL Background Thread 3 ] DEBUG Engine               - class com.almasb.fxgl.io.FileSystemService
13:10:42.735 [FXGL Background Thread 3 ] DEBUG Engine               - class com.almasb.fxgl.localization.LocalizationService
13:10:42.735 [FXGL Background Thread 3 ] DEBUG Engine               - class com.almasb.fxgl.app.services.SystemBundleService
13:10:42.735 [FXGL Background Thread 3 ] DEBUG Engine               - class com.almasb.fxgl.profile.SaveLoadService
13:10:42.735 [FXGL Background Thread 3 ] DEBUG Engine               - class com.almasb.fxgl.ui.FXGLUIFactoryServiceProvider
13:10:42.735 [FXGL Background Thread 3 ] DEBUG Engine               - class com.almasb.fxgl.ui.FXGLDialogFactoryServiceProvider
13:10:42.736 [FXGL Background Thread 3 ] DEBUG Engine               - class com.almasb.fxgl.audio.AudioPlayer
13:10:42.736 [FXGL Background Thread 3 ] DEBUG Engine               - class com.almasb.fxgl.notification.impl.NotificationServiceProvider
13:10:42.736 [FXGL Background Thread 3 ] DEBUG Engine               - class com.almasb.fxgl.achievement.AchievementService
13:10:42.736 [FXGL Background Thread 3 ] DEBUG Engine               - class com.almasb.fxgl.cutscene.CutsceneService
13:10:42.736 [FXGL Background Thread 3 ] DEBUG Engine               - class com.almasb.fxgl.minigames.MiniGameService
13:10:42.736 [FXGL Background Thread 3 ] DEBUG Engine               - class com.almasb.fxgl.net.NetService
13:10:42.736 [FXGL Background Thread 3 ] DEBUG Engine               - class com.almasb.fxgl.app.services.UpdaterService
13:10:42.736 [FXGL Background Thread 3 ] DEBUG Engine               - class com.almasb.fxgl.dev.DevService
13:10:59.079 [JavaFX Application Thread] DEBUG FXGLApplication      - Exiting FXGL
13:10:59.080 [JavaFX Application Thread] DEBUG LoopRunner           - Stopping loop
13:10:59.080 [JavaFX Application Thread] DEBUG SystemBundleService  - Saving FXGL system data
13:10:59.087 [JavaFX Application Thread] DEBUG FileSystemAccess     - Writing to: C:\Users\21348\Desktop\吴鹤轩\Java\CallRoll\out\artifacts\CallRoll_jar\system\fxgl.bundle
13:10:59.101 [JavaFX Application Thread] DEBUG Async                - Shutting down background threads
13:10:59.102 [JavaFX Application Thread] DEBUG PrimaryStageWindow   - Closing main window
13:10:59.146 [JavaFX Application Thread] DEBUG Logger               - Closing Logger
