12:14:23.403 [main                     ] DEBUG Logger               - Configured Logger
12:14:23.564 [main                     ] DEBUG GameApplication      - Logging settings
Title: 点名器
Version: 1.0
Width: 400
Height: 500
Fullscreen: false
Intro: false
Profiling: false
Single step:false
App Mode: DEVELOPER
Menu Key: ESCAPE
Stage Style: DECORATED
Scene Factory: class com.almasb.fxgl.app.scene.SceneFactory

12:14:24.555 [JavaFX Application Thread] DEBUG FXGLApplication      - Initializing FXGL
12:14:24.581 [JavaFX Application Thread] INFO  Engine               - FXGL-17.3 (30.03.2023 11.49) on WINDOWS (J:17.0.12 FX:17.0.6)
12:14:24.582 [JavaFX Application Thread] DEBUG Engine               - JRE Vendor Name: Oracle Corporation
12:14:24.583 [JavaFX Application Thread] DEBUG Engine               - Running on OS: Windows 10 version 10.0
12:14:24.583 [JavaFX Application Thread] DEBUG Engine               - Architecture: amd64
12:14:24.584 [JavaFX Application Thread] INFO  Engine               - Source code and latest versions at: https://github.com/AlmasB/FXGL
12:14:24.584 [JavaFX Application Thread] INFO  Engine               -       Ask questions and discuss at: https://github.com/AlmasB/FXGL/discussions
12:14:24.587 [JavaFX Application Thread] INFO  Engine               -              Join the FXGL chat at: https://gitter.im/AlmasB/FXGL
12:14:24.981 [JavaFX Application Thread] DEBUG PrimaryStageWindow   - Creating a JavaFX scene
12:14:25.123 [JavaFX Application Thread] DEBUG PrimaryStageWindow   - Target settings size: 400.0 x 500.0
12:14:25.124 [JavaFX Application Thread] DEBUG PrimaryStageWindow   - Scaled scene size:    400.0 x 500.0
12:14:25.125 [JavaFX Application Thread] DEBUG PrimaryStageWindow   - Scaled ratio: (1.0, 1.0)
12:14:25.127 [JavaFX Application Thread] DEBUG PrimaryStageWindow   - Set initial scene to FXGLStartupScene
12:14:25.147 [JavaFX Application Thread] DEBUG PrimaryStageWindow   - Opening main window
12:14:25.404 [JavaFX Application Thread] DEBUG PrimaryStageWindow   - Window border size: (16.0, 39.0)
12:14:25.404 [JavaFX Application Thread] DEBUG PrimaryStageWindow   - Scaled size: 400.0 x 500.0
12:14:25.405 [JavaFX Application Thread] DEBUG PrimaryStageWindow   - Scaled ratio: (1.0, 1.0)
12:14:25.406 [JavaFX Application Thread] DEBUG PrimaryStageWindow   - Scene size: 400.0 x 500.0
12:14:25.407 [JavaFX Application Thread] DEBUG PrimaryStageWindow   - Stage size: 416.0 x 539.0
12:14:25.431 [FXGL Background Thread 1 ] DEBUG Engine               - Initializing environment variables
12:14:25.515 [FXGL Background Thread 1 ] DEBUG FXGLAssetLoaderServi - User app class for loading assets: class com.wmp.callroll.MainApplication
12:14:25.515 [FXGL Background Thread 1 ] DEBUG GameApplicationServi - Applying CSS: fxgl_dark.css
12:14:25.518 [FXGL Background Thread 1 ] DEBUG FXGLAssetLoaderServi - Loading from file system: jar:file:///C:/Users/21348/.m2/repository/com/github/almasb/fxgl/17.3/fxgl-17.3.jar!/fxglassets/ui/css/fxgl_dark.css
12:14:25.672 [FXGL Background Thread 1 ] DEBUG GameApplicationServi - Initializing application scenes
12:14:25.964 [FXGL Background Thread 1 ] DEBUG GameWorld            - Game world initialized
12:14:26.135 [FXGL Background Thread 1 ] DEBUG PhysicsWorld         - Physics world initialized: appHeight=500, physics.ppm=50.0
12:14:26.136 [FXGL Background Thread 1 ] DEBUG PhysicsWorld         - Using strategy: BRUTE_FORCE
12:14:26.149 [FXGL Background Thread 1 ] DEBUG GameScene            - Game scene initialized: 400x500
12:14:26.204 [FXGL Background Thread 1 ] WARN  FXGL.DefaultMenu     - FXGLDefaultMenu is not designed for resolutions < 800x600
12:14:26.204 [FXGL Background Thread 1 ] DEBUG FXGL.DefaultMenu     - createMenuBodyGameMenu()
12:14:26.245 [FXGL Background Thread 1 ] DEBUG FXGL.DefaultMenu     - createOptionsMenu()
12:14:26.271 [FXGL Background Thread 1 ] DEBUG FXGLAssetLoaderServi - Loading from file system: jar:file:///C:/Users/21348/.m2/repository/com/github/almasb/fxgl/17.3/fxgl-17.3.jar!/fxglassets/textures/particles/smoke.png
12:14:26.600 [FXGL Background Thread 1 ] DEBUG FXGLAssetLoaderServi - Loading from file system: jar:file:///C:/Users/21348/.m2/repository/com/github/almasb/fxgl/17.3/fxgl-17.3.jar!/fxglassets/textures/particles/trace_horizontal.png
12:14:26.665 [FXGL Background Thread 1 ] DEBUG GameApplicationServi - Application scenes initialized
12:14:26.738 [FXGL Background Thread 1 ] DEBUG SystemBundleService  - Loading FXGL system data
12:14:26.743 [FXGL Background Thread 1 ] DEBUG FileSystemAccess     - Reading from: C:\Users\21348\Desktop\吴鹤轩\Java\CallRoll\system\fxgl.bundle
12:14:26.751 [FXGL Background Thread 1 ] DEBUG SystemBundleService  - Bundle FXGL: {}
12:14:26.751 [FXGL Background Thread 1 ] DEBUG UpdaterService       - Checking for updates
12:14:26.765 [FXGL Background Thread 1 ] DEBUG FXGLApplication      - Loading default localization
12:14:26.767 [FXGL Background Thread 1 ] DEBUG FXGLAssetLoaderServi - Loading from file system: jar:file:///C:/Users/21348/.m2/repository/com/github/almasb/fxgl/17.3/fxgl-17.3.jar!/fxglassets/languages/english.lang
12:14:26.805 [FXGL Background Thread 1 ] INFO  FXGLApplication      - FXGL initialization took: 1.373 sec
12:14:26.807 [JavaFX Application Thread] DEBUG FXGLAssetLoaderServi - Loading from file system: jar:file:///C:/Users/21348/.m2/repository/com/github/almasb/fxgl/17.3/fxgl-17.3.jar!/fxglassets/textures/fxgl_icon.png
12:14:26.836 [FXGL Background Thread 4 ] DEBUG FXGLApplication      - Loading fonts
12:14:26.837 [FXGL Background Thread 4 ] DEBUG FXGLAssetLoaderServi - Loading from file system: jar:file:///C:/Users/21348/.m2/repository/com/github/almasb/fxgl/17.3/fxgl-17.3.jar!/fxglassets/ui/fonts/VarelaRound-Regular.ttf
12:14:26.855 [JavaFX Application Thread] DEBUG FXGLAssetLoaderServi - Loading from file system: jar:file:///C:/Users/21348/.m2/repository/com/github/almasb/fxgl/17.3/fxgl-17.3.jar!/fxglassets/textures/fxgl_default_cursor.png
12:14:26.892 [JavaFX Application Thread] DEBUG Input                - Registered new binding: Screenshot - CTRL+8
12:14:26.893 [JavaFX Application Thread] DEBUG Input                - Registered new binding: System info dump - CTRL+9
12:14:26.899 [JavaFX Application Thread] DEBUG Input                - Registered new binding: Restart - CTRL+R
12:14:26.901 [JavaFX Application Thread] DEBUG Input                - Registered new binding: Toggle Debug Camera - CTRL+7
12:14:26.908 [JavaFX Application Thread] DEBUG LoopRunner           - Starting loop
12:14:26.908 [JavaFX Application Thread] DEBUG LoopRunner           - Initializing JavaFX AnimationTimerLoop
12:14:26.912 [JavaFX Application Thread] DEBUG GameApplicationServi - Starting new game
12:14:26.913 [JavaFX Application Thread] DEBUG Input                - Clearing active input actions
12:14:26.965 [JavaFX Application Thread] DEBUG GameApplicationServi - Removing overlay from FXGLStartupScene and adding to FXGLLoadingScene
12:14:26.965 [JavaFX Application Thread] DEBUG PrimaryStageWindow   - FXGLStartupScene -> FXGLLoadingScene
12:14:26.966 [JavaFX Application Thread] DEBUG GameApplicationServi - Clearing previous game
12:14:26.966 [JavaFX Application Thread] DEBUG GameScene            - Clearing game scene
12:14:26.966 [JavaFX Application Thread] DEBUG GameWorld            - Clearing game world
12:14:26.967 [JavaFX Application Thread] DEBUG PhysicsWorld         - Clearing physics world
12:14:26.970 [FXGL Background Thread 1 ] DEBUG FXGLApplication      - Initializing game
12:14:27.107 [FXGL Background Thread 1 ] INFO  FXGLApplication      - Game initialization took: 0.137 sec
12:14:27.244 [FXGL Background Thread 4 ] DEBUG FXGLAssetLoaderServi - Loading from file system: jar:file:///C:/Users/21348/.m2/repository/com/github/almasb/fxgl/17.3/fxgl-17.3.jar!/fxglassets/ui/fonts/Abel-Regular.ttf
12:14:27.293 [FXGL Background Thread 4 ] DEBUG FXGLAssetLoaderServi - Loading from file system: jar:file:///C:/Users/21348/.m2/repository/com/github/almasb/fxgl/17.3/fxgl-17.3.jar!/fxglassets/ui/fonts/TerminalLandMono-Regular.otf
12:14:27.338 [JavaFX Application Thread] DEBUG Input                - Clearing active input actions
12:14:27.400 [JavaFX Application Thread] DEBUG GameApplicationServi - Removing overlay from FXGLLoadingScene and adding to GameScene
12:14:27.401 [JavaFX Application Thread] DEBUG PrimaryStageWindow   - FXGLLoadingScene -> GameScene
12:14:27.895 [FXGL Background Thread 2 ] WARN  UpdaterService       - Failed to find updates: javax.net.ssl.SSLHandshakeException: PKIX path building failed: sun.security.provider.certpath.SunCertPathBuilderException: unable to find valid certification path to requested target
12:14:27.897 [FXGL Background Thread 4 ] DEBUG FXGLAssetLoaderServi - Loading from file system: jar:file:///C:/Users/21348/.m2/repository/com/github/almasb/fxgl/17.3/fxgl-17.3.jar!/fxglassets/ui/fonts/Courier-Prime.ttf
12:14:28.018 [JavaFX Application Thread] DEBUG FXGLApplication      - Registering font factories with UI factory
12:14:29.761 [FXGL Background Thread 3 ] DEBUG Engine               - Logging environment variables
12:14:29.762 [FXGL Background Thread 3 ] DEBUG Engine               - achievements: []
12:14:29.762 [FXGL Background Thread 3 ] DEBUG Engine               - actualHeight: 500.0
12:14:29.762 [FXGL Background Thread 3 ] DEBUG Engine               - actualHeightProperty: ReadOnlyDoubleProperty [value: 500.0]
12:14:29.762 [FXGL Background Thread 3 ] DEBUG Engine               - actualWidth: 400.0
12:14:29.762 [FXGL Background Thread 3 ] DEBUG Engine               - actualWidthProperty: ReadOnlyDoubleProperty [value: 400.0]
12:14:29.763 [FXGL Background Thread 3 ] DEBUG Engine               - appIcon: fxgl_icon.png
12:14:29.763 [FXGL Background Thread 3 ] DEBUG Engine               - applicationMode: DEVELOPER
12:14:29.763 [FXGL Background Thread 3 ] DEBUG Engine               - cSSList: [fxgl_dark.css]
12:14:29.763 [FXGL Background Thread 3 ] DEBUG Engine               - collisionDetectionStrategy: BRUTE_FORCE
12:14:29.763 [FXGL Background Thread 3 ] DEBUG Engine               - configClass: Optional.empty
12:14:29.763 [FXGL Background Thread 3 ] DEBUG Engine               - credits: []
12:14:29.764 [FXGL Background Thread 3 ] DEBUG Engine               - defaultCursor: CursorInfo(imageName=fxgl_default_cursor.png, hotspotX=7.0, hotspotY=6.0)
12:14:29.765 [FXGL Background Thread 3 ] DEBUG Engine               - devBBoxColorProperty: ObjectProperty [value: 0xff0000ff]
12:14:29.765 [FXGL Background Thread 3 ] DEBUG Engine               - devEnableDebugCameraProperty: BooleanProperty [value: false]
12:14:29.765 [FXGL Background Thread 3 ] DEBUG Engine               - devSensorColorProperty: ObjectProperty [value: 0xffff00ff]
12:14:29.766 [FXGL Background Thread 3 ] DEBUG Engine               - devShowBBoxProperty: BooleanProperty [value: false]
12:14:29.766 [FXGL Background Thread 3 ] DEBUG Engine               - devShowPositionProperty: BooleanProperty [value: false]
12:14:29.766 [FXGL Background Thread 3 ] DEBUG Engine               - enabledMenuItems: []
12:14:29.766 [FXGL Background Thread 3 ] DEBUG Engine               - engineServices: [class com.almasb.fxgl.app.services.FXGLAssetLoaderService, class com.almasb.fxgl.app.FXGLApplication$GameApplicationService, class com.almasb.fxgl.app.services.FXGLDialogService, class com.almasb.fxgl.app.services.IOTaskExecutorService, class com.almasb.fxgl.io.FileSystemService, class com.almasb.fxgl.localization.LocalizationService, class com.almasb.fxgl.app.services.SystemBundleService, class com.almasb.fxgl.profile.SaveLoadService, class com.almasb.fxgl.ui.FXGLUIFactoryServiceProvider, class com.almasb.fxgl.ui.FXGLDialogFactoryServiceProvider, class com.almasb.fxgl.audio.AudioPlayer, class com.almasb.fxgl.notification.impl.NotificationServiceProvider, class com.almasb.fxgl.achievement.AchievementService, class com.almasb.fxgl.cutscene.CutsceneService, class com.almasb.fxgl.minigames.MiniGameService, class com.almasb.fxgl.net.NetService, class com.almasb.fxgl.app.services.UpdaterService, class com.almasb.fxgl.dev.DevService]
12:14:29.767 [FXGL Background Thread 3 ] DEBUG Engine               - fontGame: Abel-Regular.ttf
12:14:29.767 [FXGL Background Thread 3 ] DEBUG Engine               - fontMono: TerminalLandMono-Regular.otf
12:14:29.767 [FXGL Background Thread 3 ] DEBUG Engine               - fontSizeScaleUI: 1.0
12:14:29.767 [FXGL Background Thread 3 ] DEBUG Engine               - fontText: Courier-Prime.ttf
12:14:29.767 [FXGL Background Thread 3 ] DEBUG Engine               - fontUI: VarelaRound-Regular.ttf
12:14:29.767 [FXGL Background Thread 3 ] DEBUG Engine               - fullScreen: BooleanProperty [value: false]
12:14:29.767 [FXGL Background Thread 3 ] DEBUG Engine               - gameDifficulty: MEDIUM
12:14:29.768 [FXGL Background Thread 3 ] DEBUG Engine               - gameDifficultyProperty: ObjectProperty [value: MEDIUM]
12:14:29.768 [FXGL Background Thread 3 ] DEBUG Engine               - globalMusicVolume: 0.5
12:14:29.768 [FXGL Background Thread 3 ] DEBUG Engine               - globalMusicVolumeProperty: DoubleProperty [value: 0.5]
12:14:29.768 [FXGL Background Thread 3 ] DEBUG Engine               - globalSoundVolume: 0.5
12:14:29.768 [FXGL Background Thread 3 ] DEBUG Engine               - globalSoundVolumeProperty: DoubleProperty [value: 0.5]
12:14:29.769 [FXGL Background Thread 3 ] DEBUG Engine               - height: 500
12:14:29.769 [FXGL Background Thread 3 ] DEBUG Engine               - is3D: false
12:14:29.769 [FXGL Background Thread 3 ] DEBUG Engine               - isAndroid: false
12:14:29.769 [FXGL Background Thread 3 ] DEBUG Engine               - isBrowser: false
12:14:29.769 [FXGL Background Thread 3 ] DEBUG Engine               - isClickFeedbackEnabled: false
12:14:29.769 [FXGL Background Thread 3 ] DEBUG Engine               - isCloseConfirmation: false
12:14:29.769 [FXGL Background Thread 3 ] DEBUG Engine               - isDesktop: true
12:14:29.770 [FXGL Background Thread 3 ] DEBUG Engine               - isDeveloperMenuEnabled: false
12:14:29.770 [FXGL Background Thread 3 ] DEBUG Engine               - isEmbedded: false
12:14:29.770 [FXGL Background Thread 3 ] DEBUG Engine               - isEntityPreloadEnabled: true
12:14:29.770 [FXGL Background Thread 3 ] DEBUG Engine               - isExperimentalTiledLargeMap: false
12:14:29.770 [FXGL Background Thread 3 ] DEBUG Engine               - isFileSystemWriteAllowed: true
12:14:29.770 [FXGL Background Thread 3 ] DEBUG Engine               - isFullScreenAllowed: false
12:14:29.770 [FXGL Background Thread 3 ] DEBUG Engine               - isFullScreenFromStart: false
12:14:29.771 [FXGL Background Thread 3 ] DEBUG Engine               - isGameMenuEnabled: true
12:14:29.771 [FXGL Background Thread 3 ] DEBUG Engine               - isIOS: false
12:14:29.771 [FXGL Background Thread 3 ] DEBUG Engine               - isIntroEnabled: false
12:14:29.771 [FXGL Background Thread 3 ] DEBUG Engine               - isLinux: false
12:14:29.771 [FXGL Background Thread 3 ] DEBUG Engine               - isMac: false
12:14:29.771 [FXGL Background Thread 3 ] DEBUG Engine               - isMainMenuEnabled: false
12:14:29.772 [FXGL Background Thread 3 ] DEBUG Engine               - isManualResizeEnabled: false
12:14:29.772 [FXGL Background Thread 3 ] DEBUG Engine               - isMobile: false
12:14:29.772 [FXGL Background Thread 3 ] DEBUG Engine               - isNative: false
12:14:29.772 [FXGL Background Thread 3 ] DEBUG Engine               - isPauseMusicWhenMinimized: true
12:14:29.772 [FXGL Background Thread 3 ] DEBUG Engine               - isPreserveResizeRatio: false
12:14:29.773 [FXGL Background Thread 3 ] DEBUG Engine               - isProfilingEnabled: false
12:14:29.773 [FXGL Background Thread 3 ] DEBUG Engine               - isScaleAffectedOnResize: true
12:14:29.773 [FXGL Background Thread 3 ] DEBUG Engine               - isSingleStep: false
12:14:29.774 [FXGL Background Thread 3 ] DEBUG Engine               - isUserProfileEnabled: false
12:14:29.774 [FXGL Background Thread 3 ] DEBUG Engine               - isWindows: true
12:14:29.774 [FXGL Background Thread 3 ] DEBUG Engine               - language: ObjectProperty [value: ENGLISH]
12:14:29.774 [FXGL Background Thread 3 ] DEBUG Engine               - menuKey: ESCAPE
12:14:29.775 [FXGL Background Thread 3 ] DEBUG Engine               - mouseSensitivity: 0.2
12:14:29.775 [FXGL Background Thread 3 ] DEBUG Engine               - notificationViewClass: class com.almasb.fxgl.notification.view.XboxNotificationView
12:14:29.775 [FXGL Background Thread 3 ] DEBUG Engine               - pixelsPerMeter: 50.0
12:14:29.775 [FXGL Background Thread 3 ] DEBUG Engine               - platform: WINDOWS
12:14:29.775 [FXGL Background Thread 3 ] DEBUG Engine               - prefHeightProperty: ReadOnlyDoubleProperty [value: 500.0]
12:14:29.775 [FXGL Background Thread 3 ] DEBUG Engine               - prefWidthProperty: ReadOnlyDoubleProperty [value: 400.0]
12:14:29.776 [FXGL Background Thread 3 ] DEBUG Engine               - profileDir: profiles/
12:14:29.776 [FXGL Background Thread 3 ] DEBUG Engine               - profileName: StringProperty [value: DEFAULT]
12:14:29.776 [FXGL Background Thread 3 ] DEBUG Engine               - randomSeed: -1
12:14:29.777 [FXGL Background Thread 3 ] DEBUG Engine               - runtimeInfo: RuntimeInfo(platform=WINDOWS, version=17.3, build=30.03.2023 11.49)
12:14:29.777 [FXGL Background Thread 3 ] DEBUG Engine               - saveFileExt: sav
12:14:29.777 [FXGL Background Thread 3 ] DEBUG Engine               - scaledHeightProp$fxgl: DoubleProperty [bound, value: 500.0]
12:14:29.777 [FXGL Background Thread 3 ] DEBUG Engine               - scaledWidthProp$fxgl: DoubleProperty [bound, value: 400.0]
12:14:29.777 [FXGL Background Thread 3 ] DEBUG Engine               - sceneFactory: com.almasb.fxgl.app.scene.SceneFactory@3bb8730f
12:14:29.777 [FXGL Background Thread 3 ] DEBUG Engine               - secondsIn24h: 60
12:14:29.778 [FXGL Background Thread 3 ] DEBUG Engine               - soundMenuBack: menu/back.wav
12:14:29.778 [FXGL Background Thread 3 ] DEBUG Engine               - soundMenuPress: menu/press.wav
12:14:29.778 [FXGL Background Thread 3 ] DEBUG Engine               - soundMenuSelect: menu/select.wav
12:14:29.778 [FXGL Background Thread 3 ] DEBUG Engine               - soundNotification: core/notification.wav
12:14:29.778 [FXGL Background Thread 3 ] DEBUG Engine               - stageStyle: DECORATED
12:14:29.778 [FXGL Background Thread 3 ] DEBUG Engine               - supportedLanguages: [ENGLISH, FRENCH, GERMAN, HUNGARIAN, RUSSIAN]
12:14:29.778 [FXGL Background Thread 3 ] DEBUG Engine               - ticksPerSecond: -1
12:14:29.778 [FXGL Background Thread 3 ] DEBUG Engine               - title: 点名器
12:14:29.779 [FXGL Background Thread 3 ] DEBUG Engine               - urlGithub: https://github.com/AlmasB/FXGL
12:14:29.779 [FXGL Background Thread 3 ] DEBUG Engine               - urlLeaderboard: http://fxgl-top.herokuapp.com/
12:14:29.779 [FXGL Background Thread 3 ] DEBUG Engine               - urlPOM: https://raw.githubusercontent.com/AlmasB/FXGL/release/README.md
12:14:29.779 [FXGL Background Thread 3 ] DEBUG Engine               - userAppClass: class com.wmp.callroll.MainApplication
12:14:29.779 [FXGL Background Thread 3 ] DEBUG Engine               - version: 1.0
12:14:29.779 [FXGL Background Thread 3 ] DEBUG Engine               - versionCheckDays: 7
12:14:29.779 [FXGL Background Thread 3 ] DEBUG Engine               - width: 400
12:14:29.779 [FXGL Background Thread 3 ] DEBUG Engine               - Logging services
12:14:29.780 [FXGL Background Thread 3 ] DEBUG Engine               - class com.almasb.fxgl.app.services.FXGLAssetLoaderService
12:14:29.780 [FXGL Background Thread 3 ] DEBUG Engine               - class com.almasb.fxgl.app.FXGLApplication$GameApplicationService
12:14:29.780 [FXGL Background Thread 3 ] DEBUG Engine               - class com.almasb.fxgl.app.services.FXGLDialogService
12:14:29.780 [FXGL Background Thread 3 ] DEBUG Engine               - class com.almasb.fxgl.app.services.IOTaskExecutorService
12:14:29.780 [FXGL Background Thread 3 ] DEBUG Engine               - class com.almasb.fxgl.io.FileSystemService
12:14:29.780 [FXGL Background Thread 3 ] DEBUG Engine               - class com.almasb.fxgl.localization.LocalizationService
12:14:29.781 [FXGL Background Thread 3 ] DEBUG Engine               - class com.almasb.fxgl.app.services.SystemBundleService
12:14:29.781 [FXGL Background Thread 3 ] DEBUG Engine               - class com.almasb.fxgl.profile.SaveLoadService
12:14:29.781 [FXGL Background Thread 3 ] DEBUG Engine               - class com.almasb.fxgl.ui.FXGLUIFactoryServiceProvider
12:14:29.781 [FXGL Background Thread 3 ] DEBUG Engine               - class com.almasb.fxgl.ui.FXGLDialogFactoryServiceProvider
12:14:29.781 [FXGL Background Thread 3 ] DEBUG Engine               - class com.almasb.fxgl.audio.AudioPlayer
12:14:29.781 [FXGL Background Thread 3 ] DEBUG Engine               - class com.almasb.fxgl.notification.impl.NotificationServiceProvider
12:14:29.781 [FXGL Background Thread 3 ] DEBUG Engine               - class com.almasb.fxgl.achievement.AchievementService
12:14:29.781 [FXGL Background Thread 3 ] DEBUG Engine               - class com.almasb.fxgl.cutscene.CutsceneService
12:14:29.782 [FXGL Background Thread 3 ] DEBUG Engine               - class com.almasb.fxgl.minigames.MiniGameService
12:14:29.782 [FXGL Background Thread 3 ] DEBUG Engine               - class com.almasb.fxgl.net.NetService
12:14:29.782 [FXGL Background Thread 3 ] DEBUG Engine               - class com.almasb.fxgl.app.services.UpdaterService
12:14:29.782 [FXGL Background Thread 3 ] DEBUG Engine               - class com.almasb.fxgl.dev.DevService
12:14:50.481 [JavaFX Application Thread] DEBUG FXGLApplication      - Exiting FXGL
12:14:50.482 [JavaFX Application Thread] DEBUG LoopRunner           - Stopping loop
12:14:50.482 [JavaFX Application Thread] DEBUG SystemBundleService  - Saving FXGL system data
12:14:50.485 [JavaFX Application Thread] DEBUG FileSystemAccess     - Writing to: C:\Users\21348\Desktop\吴鹤轩\Java\CallRoll\system\fxgl.bundle
12:14:50.487 [JavaFX Application Thread] DEBUG Async                - Shutting down background threads
12:14:50.487 [JavaFX Application Thread] DEBUG PrimaryStageWindow   - Closing main window
12:14:50.506 [JavaFX Application Thread] DEBUG Logger               - Closing Logger
