11:13:22.036 [main                     ] DEBUG Logger               - Configured Logger
11:13:22.226 [main                     ] DEBUG GameApplication      - Logging settings
Title: 点名器
Version: 1.0
Width: 400
Height: 500
Fullscreen: false
Intro: false
Profiling: false
Single step:false
App Mode: DEVELOPER
Menu Key: ESCAPE
Stage Style: DECORATED
Scene Factory: class com.almasb.fxgl.app.scene.SceneFactory

11:13:24.634 [JavaFX Application Thread] DEBUG FXGLApplication      - Initializing FXGL
11:13:24.668 [JavaFX Application Thread] INFO  Engine               - FXGL-17.3 (30.03.2023 11.49) on WINDOWS (J:17.0.12 FX:17.0.6)
11:13:24.669 [JavaFX Application Thread] DEBUG Engine               - JRE Vendor Name: Oracle Corporation
11:13:24.671 [JavaFX Application Thread] DEBUG Engine               - Running on OS: Windows 10 version 10.0
11:13:24.671 [JavaFX Application Thread] DEBUG Engine               - Architecture: amd64
11:13:24.672 [JavaFX Application Thread] INFO  Engine               - Source code and latest versions at: https://github.com/AlmasB/FXGL
11:13:24.673 [JavaFX Application Thread] INFO  Engine               -       Ask questions and discuss at: https://github.com/AlmasB/FXGL/discussions
11:13:24.674 [JavaFX Application Thread] INFO  Engine               -              Join the FXGL chat at: https://gitter.im/AlmasB/FXGL
11:13:25.513 [JavaFX Application Thread] DEBUG PrimaryStageWindow   - Creating a JavaFX scene
11:13:25.785 [JavaFX Application Thread] DEBUG PrimaryStageWindow   - Target settings size: 400.0 x 500.0
11:13:25.785 [JavaFX Application Thread] DEBUG PrimaryStageWindow   - Scaled scene size:    400.0 x 500.0
11:13:25.786 [JavaFX Application Thread] DEBUG PrimaryStageWindow   - Scaled ratio: (1.0, 1.0)
11:13:25.791 [JavaFX Application Thread] DEBUG PrimaryStageWindow   - Set initial scene to FXGLStartupScene
11:13:25.834 [JavaFX Application Thread] DEBUG PrimaryStageWindow   - Opening main window
11:13:26.156 [JavaFX Application Thread] DEBUG PrimaryStageWindow   - Window border size: (16.0, 39.0)
11:13:26.156 [JavaFX Application Thread] DEBUG PrimaryStageWindow   - Scaled size: 400.0 x 500.0
11:13:26.158 [JavaFX Application Thread] DEBUG PrimaryStageWindow   - Scaled ratio: (1.0, 1.0)
11:13:26.160 [JavaFX Application Thread] DEBUG PrimaryStageWindow   - Scene size: 400.0 x 500.0
11:13:26.161 [JavaFX Application Thread] DEBUG PrimaryStageWindow   - Stage size: 416.0 x 539.0
11:13:26.184 [FXGL Background Thread 1 ] DEBUG Engine               - Initializing environment variables
11:13:26.436 [FXGL Background Thread 1 ] DEBUG FXGLAssetLoaderServi - User app class for loading assets: class com.wmp.callroll.MainApplication
11:13:26.438 [FXGL Background Thread 1 ] DEBUG GameApplicationServi - Applying CSS: fxgl_dark.css
11:13:26.440 [FXGL Background Thread 1 ] DEBUG FXGLAssetLoaderServi - Loading from file system: jar:file:///C:/Users/21348/.m2/repository/com/github/almasb/fxgl/17.3/fxgl-17.3.jar!/fxglassets/ui/css/fxgl_dark.css
11:13:26.706 [FXGL Background Thread 1 ] DEBUG GameApplicationServi - Initializing application scenes
11:13:27.401 [FXGL Background Thread 1 ] DEBUG GameWorld            - Game world initialized
11:13:27.627 [FXGL Background Thread 1 ] DEBUG PhysicsWorld         - Physics world initialized: appHeight=500, physics.ppm=50.0
11:13:27.628 [FXGL Background Thread 1 ] DEBUG PhysicsWorld         - Using strategy: BRUTE_FORCE
11:13:27.638 [FXGL Background Thread 1 ] DEBUG GameScene            - Game scene initialized: 400x500
11:13:27.701 [FXGL Background Thread 1 ] WARN  FXGL.DefaultMenu     - FXGLDefaultMenu is not designed for resolutions < 800x600
11:13:27.701 [FXGL Background Thread 1 ] DEBUG FXGL.DefaultMenu     - createMenuBodyGameMenu()
11:13:27.742 [FXGL Background Thread 1 ] DEBUG FXGL.DefaultMenu     - createOptionsMenu()
11:13:27.778 [FXGL Background Thread 1 ] DEBUG FXGLAssetLoaderServi - Loading from file system: jar:file:///C:/Users/21348/.m2/repository/com/github/almasb/fxgl/17.3/fxgl-17.3.jar!/fxglassets/textures/particles/smoke.png
11:13:28.179 [FXGL Background Thread 1 ] DEBUG FXGLAssetLoaderServi - Loading from file system: jar:file:///C:/Users/21348/.m2/repository/com/github/almasb/fxgl/17.3/fxgl-17.3.jar!/fxglassets/textures/particles/trace_horizontal.png
11:13:28.295 [FXGL Background Thread 1 ] DEBUG GameApplicationServi - Application scenes initialized
11:13:28.340 [FXGL Background Thread 1 ] DEBUG SystemBundleService  - Loading FXGL system data
11:13:28.360 [FXGL Background Thread 1 ] DEBUG FileSystemAccess     - Reading from: C:\Users\21348\Desktop\吴鹤轩\Java\CallRoll\system\fxgl.bundle
11:13:28.377 [FXGL Background Thread 1 ] DEBUG SystemBundleService  - Bundle FXGL: {}
11:13:28.378 [FXGL Background Thread 1 ] DEBUG UpdaterService       - Checking for updates
11:13:28.407 [FXGL Background Thread 1 ] DEBUG FXGLApplication      - Loading default localization
11:13:28.409 [FXGL Background Thread 1 ] DEBUG FXGLAssetLoaderServi - Loading from file system: jar:file:///C:/Users/21348/.m2/repository/com/github/almasb/fxgl/17.3/fxgl-17.3.jar!/fxglassets/languages/english.lang
11:13:28.454 [FXGL Background Thread 1 ] INFO  FXGLApplication      - FXGL initialization took: 2.269 sec
11:13:28.456 [JavaFX Application Thread] DEBUG FXGLAssetLoaderServi - Loading from file system: jar:file:///C:/Users/21348/.m2/repository/com/github/almasb/fxgl/17.3/fxgl-17.3.jar!/fxglassets/textures/fxgl_icon.png
11:13:28.500 [JavaFX Application Thread] DEBUG FXGLAssetLoaderServi - Loading from file system: jar:file:///C:/Users/21348/.m2/repository/com/github/almasb/fxgl/17.3/fxgl-17.3.jar!/fxglassets/textures/fxgl_default_cursor.png
11:13:28.556 [FXGL Background Thread 4 ] DEBUG FXGLApplication      - Loading fonts
11:13:28.559 [FXGL Background Thread 4 ] DEBUG FXGLAssetLoaderServi - Loading from file system: jar:file:///C:/Users/21348/.m2/repository/com/github/almasb/fxgl/17.3/fxgl-17.3.jar!/fxglassets/ui/fonts/VarelaRound-Regular.ttf
11:13:28.581 [JavaFX Application Thread] DEBUG Input                - Registered new binding: Screenshot - CTRL+8
11:13:28.582 [JavaFX Application Thread] DEBUG Input                - Registered new binding: System info dump - CTRL+9
11:13:28.583 [JavaFX Application Thread] DEBUG Input                - Registered new binding: Restart - CTRL+R
11:13:28.584 [JavaFX Application Thread] DEBUG Input                - Registered new binding: Toggle Debug Camera - CTRL+7
11:13:28.591 [JavaFX Application Thread] DEBUG LoopRunner           - Starting loop
11:13:28.592 [JavaFX Application Thread] DEBUG LoopRunner           - Initializing JavaFX AnimationTimerLoop
11:13:28.596 [JavaFX Application Thread] DEBUG GameApplicationServi - Starting new game
11:13:28.598 [JavaFX Application Thread] DEBUG Input                - Clearing active input actions
11:13:28.643 [JavaFX Application Thread] DEBUG GameApplicationServi - Removing overlay from FXGLStartupScene and adding to FXGLLoadingScene
11:13:28.644 [JavaFX Application Thread] DEBUG PrimaryStageWindow   - FXGLStartupScene -> FXGLLoadingScene
11:13:28.644 [JavaFX Application Thread] DEBUG GameApplicationServi - Clearing previous game
11:13:28.644 [JavaFX Application Thread] DEBUG GameScene            - Clearing game scene
11:13:28.644 [JavaFX Application Thread] DEBUG GameWorld            - Clearing game world
11:13:28.645 [JavaFX Application Thread] DEBUG PhysicsWorld         - Clearing physics world
11:13:28.648 [FXGL Background Thread 1 ] DEBUG FXGLApplication      - Initializing game
11:13:28.721 [FXGL Background Thread 1 ] INFO  FXGLApplication      - Game initialization took: 0.074 sec
11:13:28.761 [FXGL Background Thread 4 ] DEBUG FXGLAssetLoaderServi - Loading from file system: jar:file:///C:/Users/21348/.m2/repository/com/github/almasb/fxgl/17.3/fxgl-17.3.jar!/fxglassets/ui/fonts/Abel-Regular.ttf
11:13:28.863 [JavaFX Application Thread] DEBUG Input                - Clearing active input actions
11:13:28.911 [JavaFX Application Thread] DEBUG GameApplicationServi - Removing overlay from FXGLLoadingScene and adding to GameScene
11:13:28.912 [JavaFX Application Thread] DEBUG PrimaryStageWindow   - FXGLLoadingScene -> GameScene
11:13:28.964 [FXGL Background Thread 4 ] DEBUG FXGLAssetLoaderServi - Loading from file system: jar:file:///C:/Users/21348/.m2/repository/com/github/almasb/fxgl/17.3/fxgl-17.3.jar!/fxglassets/ui/fonts/TerminalLandMono-Regular.otf
11:13:29.256 [FXGL Background Thread 4 ] DEBUG FXGLAssetLoaderServi - Loading from file system: jar:file:///C:/Users/21348/.m2/repository/com/github/almasb/fxgl/17.3/fxgl-17.3.jar!/fxglassets/ui/fonts/Courier-Prime.ttf
11:13:29.500 [JavaFX Application Thread] DEBUG FXGLApplication      - Registering font factories with UI factory
11:13:30.212 [FXGL Background Thread 2 ] WARN  UpdaterService       - Failed to find updates: javax.net.ssl.SSLHandshakeException: PKIX path building failed: sun.security.provider.certpath.SunCertPathBuilderException: unable to find valid certification path to requested target
11:13:31.402 [FXGL Background Thread 3 ] DEBUG Engine               - Logging environment variables
11:13:31.404 [FXGL Background Thread 3 ] DEBUG Engine               - achievements: []
11:13:31.404 [FXGL Background Thread 3 ] DEBUG Engine               - actualHeight: 500.0
11:13:31.405 [FXGL Background Thread 3 ] DEBUG Engine               - actualHeightProperty: ReadOnlyDoubleProperty [value: 500.0]
11:13:31.405 [FXGL Background Thread 3 ] DEBUG Engine               - actualWidth: 400.0
11:13:31.405 [FXGL Background Thread 3 ] DEBUG Engine               - actualWidthProperty: ReadOnlyDoubleProperty [value: 400.0]
11:13:31.406 [FXGL Background Thread 3 ] DEBUG Engine               - appIcon: fxgl_icon.png
11:13:31.406 [FXGL Background Thread 3 ] DEBUG Engine               - applicationMode: DEVELOPER
11:13:31.406 [FXGL Background Thread 3 ] DEBUG Engine               - cSSList: [fxgl_dark.css]
11:13:31.406 [FXGL Background Thread 3 ] DEBUG Engine               - collisionDetectionStrategy: BRUTE_FORCE
11:13:31.406 [FXGL Background Thread 3 ] DEBUG Engine               - configClass: Optional.empty
11:13:31.407 [FXGL Background Thread 3 ] DEBUG Engine               - credits: []
11:13:31.408 [FXGL Background Thread 3 ] DEBUG Engine               - defaultCursor: CursorInfo(imageName=fxgl_default_cursor.png, hotspotX=7.0, hotspotY=6.0)
11:13:31.408 [FXGL Background Thread 3 ] DEBUG Engine               - devBBoxColorProperty: ObjectProperty [value: 0xff0000ff]
11:13:31.409 [FXGL Background Thread 3 ] DEBUG Engine               - devEnableDebugCameraProperty: BooleanProperty [value: false]
11:13:31.409 [FXGL Background Thread 3 ] DEBUG Engine               - devSensorColorProperty: ObjectProperty [value: 0xffff00ff]
11:13:31.409 [FXGL Background Thread 3 ] DEBUG Engine               - devShowBBoxProperty: BooleanProperty [value: false]
11:13:31.409 [FXGL Background Thread 3 ] DEBUG Engine               - devShowPositionProperty: BooleanProperty [value: false]
11:13:31.410 [FXGL Background Thread 3 ] DEBUG Engine               - enabledMenuItems: []
11:13:31.410 [FXGL Background Thread 3 ] DEBUG Engine               - engineServices: [class com.almasb.fxgl.app.services.FXGLAssetLoaderService, class com.almasb.fxgl.app.FXGLApplication$GameApplicationService, class com.almasb.fxgl.app.services.FXGLDialogService, class com.almasb.fxgl.app.services.IOTaskExecutorService, class com.almasb.fxgl.io.FileSystemService, class com.almasb.fxgl.localization.LocalizationService, class com.almasb.fxgl.app.services.SystemBundleService, class com.almasb.fxgl.profile.SaveLoadService, class com.almasb.fxgl.ui.FXGLUIFactoryServiceProvider, class com.almasb.fxgl.ui.FXGLDialogFactoryServiceProvider, class com.almasb.fxgl.audio.AudioPlayer, class com.almasb.fxgl.notification.impl.NotificationServiceProvider, class com.almasb.fxgl.achievement.AchievementService, class com.almasb.fxgl.cutscene.CutsceneService, class com.almasb.fxgl.minigames.MiniGameService, class com.almasb.fxgl.net.NetService, class com.almasb.fxgl.app.services.UpdaterService, class com.almasb.fxgl.dev.DevService]
11:13:31.410 [FXGL Background Thread 3 ] DEBUG Engine               - fontGame: Abel-Regular.ttf
11:13:31.410 [FXGL Background Thread 3 ] DEBUG Engine               - fontMono: TerminalLandMono-Regular.otf
11:13:31.411 [FXGL Background Thread 3 ] DEBUG Engine               - fontSizeScaleUI: 1.0
11:13:31.411 [FXGL Background Thread 3 ] DEBUG Engine               - fontText: Courier-Prime.ttf
11:13:31.411 [FXGL Background Thread 3 ] DEBUG Engine               - fontUI: VarelaRound-Regular.ttf
11:13:31.411 [FXGL Background Thread 3 ] DEBUG Engine               - fullScreen: BooleanProperty [value: false]
11:13:31.412 [FXGL Background Thread 3 ] DEBUG Engine               - gameDifficulty: MEDIUM
11:13:31.412 [FXGL Background Thread 3 ] DEBUG Engine               - gameDifficultyProperty: ObjectProperty [value: MEDIUM]
11:13:31.412 [FXGL Background Thread 3 ] DEBUG Engine               - globalMusicVolume: 0.5
11:13:31.413 [FXGL Background Thread 3 ] DEBUG Engine               - globalMusicVolumeProperty: DoubleProperty [value: 0.5]
11:13:31.413 [FXGL Background Thread 3 ] DEBUG Engine               - globalSoundVolume: 0.5
11:13:31.413 [FXGL Background Thread 3 ] DEBUG Engine               - globalSoundVolumeProperty: DoubleProperty [value: 0.5]
11:13:31.413 [FXGL Background Thread 3 ] DEBUG Engine               - height: 500
11:13:31.414 [FXGL Background Thread 3 ] DEBUG Engine               - is3D: false
11:13:31.414 [FXGL Background Thread 3 ] DEBUG Engine               - isAndroid: false
11:13:31.414 [FXGL Background Thread 3 ] DEBUG Engine               - isBrowser: false
11:13:31.414 [FXGL Background Thread 3 ] DEBUG Engine               - isClickFeedbackEnabled: false
11:13:31.415 [FXGL Background Thread 3 ] DEBUG Engine               - isCloseConfirmation: false
11:13:31.415 [FXGL Background Thread 3 ] DEBUG Engine               - isDesktop: true
11:13:31.415 [FXGL Background Thread 3 ] DEBUG Engine               - isDeveloperMenuEnabled: false
11:13:31.415 [FXGL Background Thread 3 ] DEBUG Engine               - isEmbedded: false
11:13:31.415 [FXGL Background Thread 3 ] DEBUG Engine               - isEntityPreloadEnabled: true
11:13:31.415 [FXGL Background Thread 3 ] DEBUG Engine               - isExperimentalTiledLargeMap: false
11:13:31.416 [FXGL Background Thread 3 ] DEBUG Engine               - isFileSystemWriteAllowed: true
11:13:31.416 [FXGL Background Thread 3 ] DEBUG Engine               - isFullScreenAllowed: false
11:13:31.416 [FXGL Background Thread 3 ] DEBUG Engine               - isFullScreenFromStart: false
11:13:31.416 [FXGL Background Thread 3 ] DEBUG Engine               - isGameMenuEnabled: true
11:13:31.416 [FXGL Background Thread 3 ] DEBUG Engine               - isIOS: false
11:13:31.416 [FXGL Background Thread 3 ] DEBUG Engine               - isIntroEnabled: false
11:13:31.417 [FXGL Background Thread 3 ] DEBUG Engine               - isLinux: false
11:13:31.417 [FXGL Background Thread 3 ] DEBUG Engine               - isMac: false
11:13:31.417 [FXGL Background Thread 3 ] DEBUG Engine               - isMainMenuEnabled: false
11:13:31.417 [FXGL Background Thread 3 ] DEBUG Engine               - isManualResizeEnabled: false
11:13:31.418 [FXGL Background Thread 3 ] DEBUG Engine               - isMobile: false
11:13:31.418 [FXGL Background Thread 3 ] DEBUG Engine               - isNative: false
11:13:31.418 [FXGL Background Thread 3 ] DEBUG Engine               - isPauseMusicWhenMinimized: true
11:13:31.419 [FXGL Background Thread 3 ] DEBUG Engine               - isPreserveResizeRatio: false
11:13:31.419 [FXGL Background Thread 3 ] DEBUG Engine               - isProfilingEnabled: false
11:13:31.419 [FXGL Background Thread 3 ] DEBUG Engine               - isScaleAffectedOnResize: true
11:13:31.420 [FXGL Background Thread 3 ] DEBUG Engine               - isSingleStep: false
11:13:31.420 [FXGL Background Thread 3 ] DEBUG Engine               - isUserProfileEnabled: false
11:13:31.420 [FXGL Background Thread 3 ] DEBUG Engine               - isWindows: true
11:13:31.421 [FXGL Background Thread 3 ] DEBUG Engine               - language: ObjectProperty [value: ENGLISH]
11:13:31.421 [FXGL Background Thread 3 ] DEBUG Engine               - menuKey: ESCAPE
11:13:31.421 [FXGL Background Thread 3 ] DEBUG Engine               - mouseSensitivity: 0.2
11:13:31.421 [FXGL Background Thread 3 ] DEBUG Engine               - notificationViewClass: class com.almasb.fxgl.notification.view.XboxNotificationView
11:13:31.422 [FXGL Background Thread 3 ] DEBUG Engine               - pixelsPerMeter: 50.0
11:13:31.422 [FXGL Background Thread 3 ] DEBUG Engine               - platform: WINDOWS
11:13:31.422 [FXGL Background Thread 3 ] DEBUG Engine               - prefHeightProperty: ReadOnlyDoubleProperty [value: 500.0]
11:13:31.422 [FXGL Background Thread 3 ] DEBUG Engine               - prefWidthProperty: ReadOnlyDoubleProperty [value: 400.0]
11:13:31.422 [FXGL Background Thread 3 ] DEBUG Engine               - profileDir: profiles/
11:13:31.423 [FXGL Background Thread 3 ] DEBUG Engine               - profileName: StringProperty [value: DEFAULT]
11:13:31.423 [FXGL Background Thread 3 ] DEBUG Engine               - randomSeed: -1
11:13:31.424 [FXGL Background Thread 3 ] DEBUG Engine               - runtimeInfo: RuntimeInfo(platform=WINDOWS, version=17.3, build=30.03.2023 11.49)
11:13:31.424 [FXGL Background Thread 3 ] DEBUG Engine               - saveFileExt: sav
11:13:31.424 [FXGL Background Thread 3 ] DEBUG Engine               - scaledHeightProp$fxgl: DoubleProperty [bound, value: 500.0]
11:13:31.424 [FXGL Background Thread 3 ] DEBUG Engine               - scaledWidthProp$fxgl: DoubleProperty [bound, value: 400.0]
11:13:31.424 [FXGL Background Thread 3 ] DEBUG Engine               - sceneFactory: com.almasb.fxgl.app.scene.SceneFactory@73106bd9
11:13:31.425 [FXGL Background Thread 3 ] DEBUG Engine               - secondsIn24h: 60
11:13:31.425 [FXGL Background Thread 3 ] DEBUG Engine               - soundMenuBack: menu/back.wav
11:13:31.425 [FXGL Background Thread 3 ] DEBUG Engine               - soundMenuPress: menu/press.wav
11:13:31.425 [FXGL Background Thread 3 ] DEBUG Engine               - soundMenuSelect: menu/select.wav
11:13:31.425 [FXGL Background Thread 3 ] DEBUG Engine               - soundNotification: core/notification.wav
11:13:31.425 [FXGL Background Thread 3 ] DEBUG Engine               - stageStyle: DECORATED
11:13:31.426 [FXGL Background Thread 3 ] DEBUG Engine               - supportedLanguages: [ENGLISH, FRENCH, GERMAN, HUNGARIAN, RUSSIAN]
11:13:31.426 [FXGL Background Thread 3 ] DEBUG Engine               - ticksPerSecond: -1
11:13:31.426 [FXGL Background Thread 3 ] DEBUG Engine               - title: 点名器
11:13:31.426 [FXGL Background Thread 3 ] DEBUG Engine               - urlGithub: https://github.com/AlmasB/FXGL
11:13:31.426 [FXGL Background Thread 3 ] DEBUG Engine               - urlLeaderboard: http://fxgl-top.herokuapp.com/
11:13:31.426 [FXGL Background Thread 3 ] DEBUG Engine               - urlPOM: https://raw.githubusercontent.com/AlmasB/FXGL/release/README.md
11:13:31.426 [FXGL Background Thread 3 ] DEBUG Engine               - userAppClass: class com.wmp.callroll.MainApplication
11:13:31.427 [FXGL Background Thread 3 ] DEBUG Engine               - version: 1.0
11:13:31.427 [FXGL Background Thread 3 ] DEBUG Engine               - versionCheckDays: 7
11:13:31.427 [FXGL Background Thread 3 ] DEBUG Engine               - width: 400
11:13:31.427 [FXGL Background Thread 3 ] DEBUG Engine               - Logging services
11:13:31.427 [FXGL Background Thread 3 ] DEBUG Engine               - class com.almasb.fxgl.app.services.FXGLAssetLoaderService
11:13:31.427 [FXGL Background Thread 3 ] DEBUG Engine               - class com.almasb.fxgl.app.FXGLApplication$GameApplicationService
11:13:31.427 [FXGL Background Thread 3 ] DEBUG Engine               - class com.almasb.fxgl.app.services.FXGLDialogService
11:13:31.428 [FXGL Background Thread 3 ] DEBUG Engine               - class com.almasb.fxgl.app.services.IOTaskExecutorService
11:13:31.428 [FXGL Background Thread 3 ] DEBUG Engine               - class com.almasb.fxgl.io.FileSystemService
11:13:31.428 [FXGL Background Thread 3 ] DEBUG Engine               - class com.almasb.fxgl.localization.LocalizationService
11:13:31.428 [FXGL Background Thread 3 ] DEBUG Engine               - class com.almasb.fxgl.app.services.SystemBundleService
11:13:31.428 [FXGL Background Thread 3 ] DEBUG Engine               - class com.almasb.fxgl.profile.SaveLoadService
11:13:31.428 [FXGL Background Thread 3 ] DEBUG Engine               - class com.almasb.fxgl.ui.FXGLUIFactoryServiceProvider
11:13:31.428 [FXGL Background Thread 3 ] DEBUG Engine               - class com.almasb.fxgl.ui.FXGLDialogFactoryServiceProvider
11:13:31.429 [FXGL Background Thread 3 ] DEBUG Engine               - class com.almasb.fxgl.audio.AudioPlayer
11:13:31.429 [FXGL Background Thread 3 ] DEBUG Engine               - class com.almasb.fxgl.notification.impl.NotificationServiceProvider
11:13:31.429 [FXGL Background Thread 3 ] DEBUG Engine               - class com.almasb.fxgl.achievement.AchievementService
11:13:31.429 [FXGL Background Thread 3 ] DEBUG Engine               - class com.almasb.fxgl.cutscene.CutsceneService
11:13:31.429 [FXGL Background Thread 3 ] DEBUG Engine               - class com.almasb.fxgl.minigames.MiniGameService
11:13:31.429 [FXGL Background Thread 3 ] DEBUG Engine               - class com.almasb.fxgl.net.NetService
11:13:31.429 [FXGL Background Thread 3 ] DEBUG Engine               - class com.almasb.fxgl.app.services.UpdaterService
11:13:31.429 [FXGL Background Thread 3 ] DEBUG Engine               - class com.almasb.fxgl.dev.DevService
11:13:36.887 [JavaFX Application Thread] DEBUG FXGLApplication      - Exiting FXGL
11:13:36.887 [JavaFX Application Thread] DEBUG LoopRunner           - Stopping loop
11:13:36.887 [JavaFX Application Thread] DEBUG SystemBundleService  - Saving FXGL system data
11:13:36.890 [JavaFX Application Thread] DEBUG FileSystemAccess     - Writing to: C:\Users\21348\Desktop\吴鹤轩\Java\CallRoll\system\fxgl.bundle
11:13:36.891 [JavaFX Application Thread] DEBUG Async                - Shutting down background threads
11:13:36.892 [JavaFX Application Thread] DEBUG PrimaryStageWindow   - Closing main window
11:13:36.928 [JavaFX Application Thread] DEBUG Logger               - Closing Logger
