10:49:09.032 [main                     ] DEBUG Logger               - Configured Logger
10:49:09.265 [main                     ] DEBUG GameApplication      - Logging settings
Title: 点名器
Version: 1.0
Width: 400
Height: 500
Fullscreen: false
Intro: false
Profiling: false
Single step:false
App Mode: DEVELOPER
Menu Key: ESCAPE
Stage Style: DECORATED
Scene Factory: class com.almasb.fxgl.app.scene.SceneFactory

10:49:10.361 [JavaFX Application Thread] DEBUG FXGLApplication      - Initializing FXGL
10:49:10.379 [JavaFX Application Thread] INFO  Engine               - FXGL-17.3 (30.03.2023 11.49) on WINDOWS (J:17.0.12 FX:17.0.6)
10:49:10.380 [JavaFX Application Thread] DEBUG Engine               - JRE Vendor Name: Oracle Corporation
10:49:10.380 [JavaFX Application Thread] DEBUG Engine               - Running on OS: Windows 10 version 10.0
10:49:10.381 [JavaFX Application Thread] DEBUG Engine               - Architecture: amd64
10:49:10.381 [JavaFX Application Thread] INFO  Engine               - Source code and latest versions at: https://github.com/AlmasB/FXGL
10:49:10.382 [JavaFX Application Thread] INFO  Engine               -       Ask questions and discuss at: https://github.com/AlmasB/FXGL/discussions
10:49:10.382 [JavaFX Application Thread] INFO  Engine               -              Join the FXGL chat at: https://gitter.im/AlmasB/FXGL
10:49:10.746 [JavaFX Application Thread] DEBUG PrimaryStageWindow   - Creating a JavaFX scene
10:49:10.899 [JavaFX Application Thread] DEBUG PrimaryStageWindow   - Target settings size: 400.0 x 500.0
10:49:10.899 [JavaFX Application Thread] DEBUG PrimaryStageWindow   - Scaled scene size:    400.0 x 500.0
10:49:10.900 [JavaFX Application Thread] DEBUG PrimaryStageWindow   - Scaled ratio: (1.0, 1.0)
10:49:10.904 [JavaFX Application Thread] DEBUG PrimaryStageWindow   - Set initial scene to FXGLStartupScene
10:49:10.922 [JavaFX Application Thread] DEBUG PrimaryStageWindow   - Opening main window
10:49:11.166 [JavaFX Application Thread] DEBUG PrimaryStageWindow   - Window border size: (16.0, 39.0)
10:49:11.166 [JavaFX Application Thread] DEBUG PrimaryStageWindow   - Scaled size: 400.0 x 500.0
10:49:11.167 [JavaFX Application Thread] DEBUG PrimaryStageWindow   - Scaled ratio: (1.0, 1.0)
10:49:11.168 [JavaFX Application Thread] DEBUG PrimaryStageWindow   - Scene size: 400.0 x 500.0
10:49:11.169 [JavaFX Application Thread] DEBUG PrimaryStageWindow   - Stage size: 416.0 x 539.0
10:49:11.186 [FXGL Background Thread 1 ] DEBUG Engine               - Initializing environment variables
10:49:11.271 [FXGL Background Thread 1 ] DEBUG FXGLAssetLoaderServi - User app class for loading assets: class com.wmp.callroll.MainApplication
10:49:11.271 [FXGL Background Thread 1 ] DEBUG GameApplicationServi - Applying CSS: fxgl_dark.css
10:49:11.296 [FXGL Background Thread 1 ] DEBUG FXGLAssetLoaderServi - Loading from file system: jar:file:///C:/Users/21348/.m2/repository/com/github/almasb/fxgl/17.3/fxgl-17.3.jar!/fxglassets/ui/css/fxgl_dark.css
10:49:11.524 [FXGL Background Thread 1 ] DEBUG GameApplicationServi - Initializing application scenes
10:49:11.870 [FXGL Background Thread 1 ] DEBUG GameWorld            - Game world initialized
10:49:12.073 [FXGL Background Thread 1 ] DEBUG PhysicsWorld         - Physics world initialized: appHeight=500, physics.ppm=50.0
10:49:12.073 [FXGL Background Thread 1 ] DEBUG PhysicsWorld         - Using strategy: BRUTE_FORCE
10:49:12.088 [FXGL Background Thread 1 ] DEBUG GameScene            - Game scene initialized: 400x500
10:49:12.140 [FXGL Background Thread 1 ] WARN  FXGL.DefaultMenu     - FXGLDefaultMenu is not designed for resolutions < 800x600
10:49:12.141 [FXGL Background Thread 1 ] DEBUG FXGL.DefaultMenu     - createMenuBodyGameMenu()
10:49:12.353 [FXGL Background Thread 1 ] DEBUG FXGL.DefaultMenu     - createOptionsMenu()
10:49:12.388 [FXGL Background Thread 1 ] DEBUG FXGLAssetLoaderServi - Loading from file system: jar:file:///C:/Users/21348/.m2/repository/com/github/almasb/fxgl/17.3/fxgl-17.3.jar!/fxglassets/textures/particles/smoke.png
10:49:12.819 [FXGL Background Thread 1 ] DEBUG FXGLAssetLoaderServi - Loading from file system: jar:file:///C:/Users/21348/.m2/repository/com/github/almasb/fxgl/17.3/fxgl-17.3.jar!/fxglassets/textures/particles/trace_horizontal.png
10:49:12.925 [FXGL Background Thread 1 ] DEBUG GameApplicationServi - Application scenes initialized
10:49:12.962 [FXGL Background Thread 1 ] DEBUG SystemBundleService  - Loading FXGL system data
10:49:12.966 [FXGL Background Thread 1 ] WARN  SystemBundleService  - Failed to load: java.io.FileNotFoundException: C:\Users\21348\Desktop\吴鹤轩\Java\CallRoll\system\fxgl.bundle (系统找不到指定的文件。)
10:49:12.967 [FXGL Background Thread 1 ] DEBUG SystemBundleService  - Loading default FXGL system data
10:49:12.968 [FXGL Background Thread 1 ] DEBUG UpdaterService       - Checking for updates
10:49:12.980 [FXGL Background Thread 1 ] DEBUG FXGLApplication      - Loading default localization
10:49:12.981 [FXGL Background Thread 1 ] DEBUG FXGLAssetLoaderServi - Loading from file system: jar:file:///C:/Users/21348/.m2/repository/com/github/almasb/fxgl/17.3/fxgl-17.3.jar!/fxglassets/languages/english.lang
10:49:12.998 [FXGL Background Thread 4 ] DEBUG FXGLApplication      - Loading fonts
10:49:12.999 [FXGL Background Thread 4 ] DEBUG FXGLAssetLoaderServi - Loading from file system: jar:file:///C:/Users/21348/.m2/repository/com/github/almasb/fxgl/17.3/fxgl-17.3.jar!/fxglassets/ui/fonts/VarelaRound-Regular.ttf
10:49:13.060 [FXGL Background Thread 1 ] INFO  FXGLApplication      - FXGL initialization took: 1.874 sec
10:49:13.062 [JavaFX Application Thread] DEBUG FXGLAssetLoaderServi - Loading from file system: jar:file:///C:/Users/21348/.m2/repository/com/github/almasb/fxgl/17.3/fxgl-17.3.jar!/fxglassets/textures/fxgl_icon.png
10:49:13.200 [JavaFX Application Thread] DEBUG FXGLAssetLoaderServi - Loading from file system: jar:file:///C:/Users/21348/.m2/repository/com/github/almasb/fxgl/17.3/fxgl-17.3.jar!/fxglassets/textures/fxgl_default_cursor.png
10:49:13.204 [FXGL Background Thread 4 ] DEBUG FXGLAssetLoaderServi - Loading from file system: jar:file:///C:/Users/21348/.m2/repository/com/github/almasb/fxgl/17.3/fxgl-17.3.jar!/fxglassets/ui/fonts/Abel-Regular.ttf
10:49:13.227 [JavaFX Application Thread] DEBUG Input                - Registered new binding: Screenshot - CTRL+8
10:49:13.228 [JavaFX Application Thread] DEBUG Input                - Registered new binding: System info dump - CTRL+9
10:49:13.229 [JavaFX Application Thread] DEBUG Input                - Registered new binding: Restart - CTRL+R
10:49:13.230 [JavaFX Application Thread] DEBUG Input                - Registered new binding: Toggle Debug Camera - CTRL+7
10:49:13.235 [JavaFX Application Thread] DEBUG LoopRunner           - Starting loop
10:49:13.235 [JavaFX Application Thread] DEBUG LoopRunner           - Initializing JavaFX AnimationTimerLoop
10:49:13.238 [JavaFX Application Thread] DEBUG GameApplicationServi - Starting new game
10:49:13.240 [JavaFX Application Thread] DEBUG Input                - Clearing active input actions
10:49:13.269 [JavaFX Application Thread] DEBUG GameApplicationServi - Removing overlay from FXGLStartupScene and adding to FXGLLoadingScene
10:49:13.270 [JavaFX Application Thread] DEBUG PrimaryStageWindow   - FXGLStartupScene -> FXGLLoadingScene
10:49:13.271 [JavaFX Application Thread] DEBUG GameApplicationServi - Clearing previous game
10:49:13.271 [JavaFX Application Thread] DEBUG GameScene            - Clearing game scene
10:49:13.271 [JavaFX Application Thread] DEBUG GameWorld            - Clearing game world
10:49:13.272 [JavaFX Application Thread] DEBUG PhysicsWorld         - Clearing physics world
10:49:13.276 [FXGL Background Thread 1 ] DEBUG FXGLApplication      - Initializing game
10:49:13.362 [FXGL Background Thread 4 ] DEBUG FXGLAssetLoaderServi - Loading from file system: jar:file:///C:/Users/21348/.m2/repository/com/github/almasb/fxgl/17.3/fxgl-17.3.jar!/fxglassets/ui/fonts/TerminalLandMono-Regular.otf
10:49:13.442 [FXGL Background Thread 1 ] INFO  FXGLApplication      - Game initialization took: 0.165 sec
10:49:13.476 [JavaFX Application Thread] DEBUG Input                - Clearing active input actions
10:49:13.505 [JavaFX Application Thread] DEBUG GameApplicationServi - Removing overlay from FXGLLoadingScene and adding to GameScene
10:49:13.506 [JavaFX Application Thread] DEBUG PrimaryStageWindow   - FXGLLoadingScene -> GameScene
10:49:13.889 [FXGL Background Thread 4 ] DEBUG FXGLAssetLoaderServi - Loading from file system: jar:file:///C:/Users/21348/.m2/repository/com/github/almasb/fxgl/17.3/fxgl-17.3.jar!/fxglassets/ui/fonts/Courier-Prime.ttf
10:49:13.928 [JavaFX Application Thread] DEBUG FXGLApplication      - Registering font factories with UI factory
10:49:14.228 [FXGL Background Thread 2 ] WARN  UpdaterService       - Failed to find updates: javax.net.ssl.SSLHandshakeException: PKIX path building failed: sun.security.provider.certpath.SunCertPathBuilderException: unable to find valid certification path to requested target
10:49:15.974 [FXGL Background Thread 3 ] DEBUG Engine               - Logging environment variables
10:49:15.975 [FXGL Background Thread 3 ] DEBUG Engine               - achievements: []
10:49:15.976 [FXGL Background Thread 3 ] DEBUG Engine               - actualHeight: 500.0
10:49:15.976 [FXGL Background Thread 3 ] DEBUG Engine               - actualHeightProperty: ReadOnlyDoubleProperty [value: 500.0]
10:49:15.976 [FXGL Background Thread 3 ] DEBUG Engine               - actualWidth: 400.0
10:49:15.976 [FXGL Background Thread 3 ] DEBUG Engine               - actualWidthProperty: ReadOnlyDoubleProperty [value: 400.0]
10:49:15.977 [FXGL Background Thread 3 ] DEBUG Engine               - appIcon: fxgl_icon.png
10:49:15.977 [FXGL Background Thread 3 ] DEBUG Engine               - applicationMode: DEVELOPER
10:49:15.977 [FXGL Background Thread 3 ] DEBUG Engine               - cSSList: [fxgl_dark.css]
10:49:15.977 [FXGL Background Thread 3 ] DEBUG Engine               - collisionDetectionStrategy: BRUTE_FORCE
10:49:15.977 [FXGL Background Thread 3 ] DEBUG Engine               - configClass: Optional.empty
10:49:15.978 [FXGL Background Thread 3 ] DEBUG Engine               - credits: []
10:49:15.979 [FXGL Background Thread 3 ] DEBUG Engine               - defaultCursor: CursorInfo(imageName=fxgl_default_cursor.png, hotspotX=7.0, hotspotY=6.0)
10:49:15.979 [FXGL Background Thread 3 ] DEBUG Engine               - devBBoxColorProperty: ObjectProperty [value: 0xff0000ff]
10:49:15.979 [FXGL Background Thread 3 ] DEBUG Engine               - devEnableDebugCameraProperty: BooleanProperty [value: false]
10:49:15.980 [FXGL Background Thread 3 ] DEBUG Engine               - devSensorColorProperty: ObjectProperty [value: 0xffff00ff]
10:49:15.980 [FXGL Background Thread 3 ] DEBUG Engine               - devShowBBoxProperty: BooleanProperty [value: false]
10:49:15.980 [FXGL Background Thread 3 ] DEBUG Engine               - devShowPositionProperty: BooleanProperty [value: false]
10:49:15.981 [FXGL Background Thread 3 ] DEBUG Engine               - enabledMenuItems: []
10:49:15.981 [FXGL Background Thread 3 ] DEBUG Engine               - engineServices: [class com.almasb.fxgl.app.services.FXGLAssetLoaderService, class com.almasb.fxgl.app.FXGLApplication$GameApplicationService, class com.almasb.fxgl.app.services.FXGLDialogService, class com.almasb.fxgl.app.services.IOTaskExecutorService, class com.almasb.fxgl.io.FileSystemService, class com.almasb.fxgl.localization.LocalizationService, class com.almasb.fxgl.app.services.SystemBundleService, class com.almasb.fxgl.profile.SaveLoadService, class com.almasb.fxgl.ui.FXGLUIFactoryServiceProvider, class com.almasb.fxgl.ui.FXGLDialogFactoryServiceProvider, class com.almasb.fxgl.audio.AudioPlayer, class com.almasb.fxgl.notification.impl.NotificationServiceProvider, class com.almasb.fxgl.achievement.AchievementService, class com.almasb.fxgl.cutscene.CutsceneService, class com.almasb.fxgl.minigames.MiniGameService, class com.almasb.fxgl.net.NetService, class com.almasb.fxgl.app.services.UpdaterService, class com.almasb.fxgl.dev.DevService]
10:49:15.981 [FXGL Background Thread 3 ] DEBUG Engine               - fontGame: Abel-Regular.ttf
10:49:15.981 [FXGL Background Thread 3 ] DEBUG Engine               - fontMono: TerminalLandMono-Regular.otf
10:49:15.982 [FXGL Background Thread 3 ] DEBUG Engine               - fontSizeScaleUI: 1.0
10:49:15.982 [FXGL Background Thread 3 ] DEBUG Engine               - fontText: Courier-Prime.ttf
10:49:15.982 [FXGL Background Thread 3 ] DEBUG Engine               - fontUI: VarelaRound-Regular.ttf
10:49:15.982 [FXGL Background Thread 3 ] DEBUG Engine               - fullScreen: BooleanProperty [value: false]
10:49:15.982 [FXGL Background Thread 3 ] DEBUG Engine               - gameDifficulty: MEDIUM
10:49:15.982 [FXGL Background Thread 3 ] DEBUG Engine               - gameDifficultyProperty: ObjectProperty [value: MEDIUM]
10:49:15.983 [FXGL Background Thread 3 ] DEBUG Engine               - globalMusicVolume: 0.5
10:49:15.983 [FXGL Background Thread 3 ] DEBUG Engine               - globalMusicVolumeProperty: DoubleProperty [value: 0.5]
10:49:15.983 [FXGL Background Thread 3 ] DEBUG Engine               - globalSoundVolume: 0.5
10:49:15.983 [FXGL Background Thread 3 ] DEBUG Engine               - globalSoundVolumeProperty: DoubleProperty [value: 0.5]
10:49:15.983 [FXGL Background Thread 3 ] DEBUG Engine               - height: 500
10:49:15.984 [FXGL Background Thread 3 ] DEBUG Engine               - is3D: false
10:49:15.984 [FXGL Background Thread 3 ] DEBUG Engine               - isAndroid: false
10:49:15.984 [FXGL Background Thread 3 ] DEBUG Engine               - isBrowser: false
10:49:15.984 [FXGL Background Thread 3 ] DEBUG Engine               - isClickFeedbackEnabled: false
10:49:15.984 [FXGL Background Thread 3 ] DEBUG Engine               - isCloseConfirmation: false
10:49:15.984 [FXGL Background Thread 3 ] DEBUG Engine               - isDesktop: true
10:49:15.985 [FXGL Background Thread 3 ] DEBUG Engine               - isDeveloperMenuEnabled: false
10:49:15.985 [FXGL Background Thread 3 ] DEBUG Engine               - isEmbedded: false
10:49:15.985 [FXGL Background Thread 3 ] DEBUG Engine               - isEntityPreloadEnabled: true
10:49:15.985 [FXGL Background Thread 3 ] DEBUG Engine               - isExperimentalTiledLargeMap: false
10:49:15.985 [FXGL Background Thread 3 ] DEBUG Engine               - isFileSystemWriteAllowed: true
10:49:15.985 [FXGL Background Thread 3 ] DEBUG Engine               - isFullScreenAllowed: false
10:49:15.985 [FXGL Background Thread 3 ] DEBUG Engine               - isFullScreenFromStart: false
10:49:15.986 [FXGL Background Thread 3 ] DEBUG Engine               - isGameMenuEnabled: true
10:49:15.986 [FXGL Background Thread 3 ] DEBUG Engine               - isIOS: false
10:49:15.986 [FXGL Background Thread 3 ] DEBUG Engine               - isIntroEnabled: false
10:49:15.986 [FXGL Background Thread 3 ] DEBUG Engine               - isLinux: false
10:49:15.986 [FXGL Background Thread 3 ] DEBUG Engine               - isMac: false
10:49:15.986 [FXGL Background Thread 3 ] DEBUG Engine               - isMainMenuEnabled: false
10:49:15.987 [FXGL Background Thread 3 ] DEBUG Engine               - isManualResizeEnabled: false
10:49:15.987 [FXGL Background Thread 3 ] DEBUG Engine               - isMobile: false
10:49:15.987 [FXGL Background Thread 3 ] DEBUG Engine               - isNative: false
10:49:15.987 [FXGL Background Thread 3 ] DEBUG Engine               - isPauseMusicWhenMinimized: true
10:49:15.987 [FXGL Background Thread 3 ] DEBUG Engine               - isPreserveResizeRatio: false
10:49:15.987 [FXGL Background Thread 3 ] DEBUG Engine               - isProfilingEnabled: false
10:49:15.988 [FXGL Background Thread 3 ] DEBUG Engine               - isScaleAffectedOnResize: true
10:49:15.988 [FXGL Background Thread 3 ] DEBUG Engine               - isSingleStep: false
10:49:15.988 [FXGL Background Thread 3 ] DEBUG Engine               - isUserProfileEnabled: false
10:49:15.988 [FXGL Background Thread 3 ] DEBUG Engine               - isWindows: true
10:49:15.988 [FXGL Background Thread 3 ] DEBUG Engine               - language: ObjectProperty [value: ENGLISH]
10:49:15.988 [FXGL Background Thread 3 ] DEBUG Engine               - menuKey: ESCAPE
10:49:15.988 [FXGL Background Thread 3 ] DEBUG Engine               - mouseSensitivity: 0.2
10:49:15.989 [FXGL Background Thread 3 ] DEBUG Engine               - notificationViewClass: class com.almasb.fxgl.notification.view.XboxNotificationView
10:49:15.989 [FXGL Background Thread 3 ] DEBUG Engine               - pixelsPerMeter: 50.0
10:49:15.989 [FXGL Background Thread 3 ] DEBUG Engine               - platform: WINDOWS
10:49:15.989 [FXGL Background Thread 3 ] DEBUG Engine               - prefHeightProperty: ReadOnlyDoubleProperty [value: 500.0]
10:49:15.989 [FXGL Background Thread 3 ] DEBUG Engine               - prefWidthProperty: ReadOnlyDoubleProperty [value: 400.0]
10:49:15.989 [FXGL Background Thread 3 ] DEBUG Engine               - profileDir: profiles/
10:49:15.990 [FXGL Background Thread 3 ] DEBUG Engine               - profileName: StringProperty [value: DEFAULT]
10:49:15.990 [FXGL Background Thread 3 ] DEBUG Engine               - randomSeed: -1
10:49:15.990 [FXGL Background Thread 3 ] DEBUG Engine               - runtimeInfo: RuntimeInfo(platform=WINDOWS, version=17.3, build=30.03.2023 11.49)
10:49:15.991 [FXGL Background Thread 3 ] DEBUG Engine               - saveFileExt: sav
10:49:15.991 [FXGL Background Thread 3 ] DEBUG Engine               - scaledHeightProp$fxgl: DoubleProperty [bound, value: 500.0]
10:49:15.991 [FXGL Background Thread 3 ] DEBUG Engine               - scaledWidthProp$fxgl: DoubleProperty [bound, value: 400.0]
10:49:15.991 [FXGL Background Thread 3 ] DEBUG Engine               - sceneFactory: com.almasb.fxgl.app.scene.SceneFactory@77c49365
10:49:15.991 [FXGL Background Thread 3 ] DEBUG Engine               - secondsIn24h: 60
10:49:15.992 [FXGL Background Thread 3 ] DEBUG Engine               - soundMenuBack: menu/back.wav
10:49:15.992 [FXGL Background Thread 3 ] DEBUG Engine               - soundMenuPress: menu/press.wav
10:49:15.992 [FXGL Background Thread 3 ] DEBUG Engine               - soundMenuSelect: menu/select.wav
10:49:15.992 [FXGL Background Thread 3 ] DEBUG Engine               - soundNotification: core/notification.wav
10:49:15.992 [FXGL Background Thread 3 ] DEBUG Engine               - stageStyle: DECORATED
10:49:15.992 [FXGL Background Thread 3 ] DEBUG Engine               - supportedLanguages: [ENGLISH, FRENCH, GERMAN, HUNGARIAN, RUSSIAN]
10:49:15.992 [FXGL Background Thread 3 ] DEBUG Engine               - ticksPerSecond: -1
10:49:15.993 [FXGL Background Thread 3 ] DEBUG Engine               - title: 点名器
10:49:15.993 [FXGL Background Thread 3 ] DEBUG Engine               - urlGithub: https://github.com/AlmasB/FXGL
10:49:15.993 [FXGL Background Thread 3 ] DEBUG Engine               - urlLeaderboard: http://fxgl-top.herokuapp.com/
10:49:15.993 [FXGL Background Thread 3 ] DEBUG Engine               - urlPOM: https://raw.githubusercontent.com/AlmasB/FXGL/release/README.md
10:49:15.993 [FXGL Background Thread 3 ] DEBUG Engine               - userAppClass: class com.wmp.callroll.MainApplication
10:49:15.993 [FXGL Background Thread 3 ] DEBUG Engine               - version: 1.0
10:49:15.993 [FXGL Background Thread 3 ] DEBUG Engine               - versionCheckDays: 7
10:49:15.994 [FXGL Background Thread 3 ] DEBUG Engine               - width: 400
10:49:15.994 [FXGL Background Thread 3 ] DEBUG Engine               - Logging services
10:49:15.994 [FXGL Background Thread 3 ] DEBUG Engine               - class com.almasb.fxgl.app.services.FXGLAssetLoaderService
10:49:15.994 [FXGL Background Thread 3 ] DEBUG Engine               - class com.almasb.fxgl.app.FXGLApplication$GameApplicationService
10:49:15.994 [FXGL Background Thread 3 ] DEBUG Engine               - class com.almasb.fxgl.app.services.FXGLDialogService
10:49:15.994 [FXGL Background Thread 3 ] DEBUG Engine               - class com.almasb.fxgl.app.services.IOTaskExecutorService
10:49:15.994 [FXGL Background Thread 3 ] DEBUG Engine               - class com.almasb.fxgl.io.FileSystemService
10:49:15.995 [FXGL Background Thread 3 ] DEBUG Engine               - class com.almasb.fxgl.localization.LocalizationService
10:49:15.995 [FXGL Background Thread 3 ] DEBUG Engine               - class com.almasb.fxgl.app.services.SystemBundleService
10:49:15.995 [FXGL Background Thread 3 ] DEBUG Engine               - class com.almasb.fxgl.profile.SaveLoadService
10:49:15.995 [FXGL Background Thread 3 ] DEBUG Engine               - class com.almasb.fxgl.ui.FXGLUIFactoryServiceProvider
10:49:15.995 [FXGL Background Thread 3 ] DEBUG Engine               - class com.almasb.fxgl.ui.FXGLDialogFactoryServiceProvider
10:49:15.995 [FXGL Background Thread 3 ] DEBUG Engine               - class com.almasb.fxgl.audio.AudioPlayer
10:49:15.995 [FXGL Background Thread 3 ] DEBUG Engine               - class com.almasb.fxgl.notification.impl.NotificationServiceProvider
10:49:15.995 [FXGL Background Thread 3 ] DEBUG Engine               - class com.almasb.fxgl.achievement.AchievementService
10:49:15.996 [FXGL Background Thread 3 ] DEBUG Engine               - class com.almasb.fxgl.cutscene.CutsceneService
10:49:15.996 [FXGL Background Thread 3 ] DEBUG Engine               - class com.almasb.fxgl.minigames.MiniGameService
10:49:15.996 [FXGL Background Thread 3 ] DEBUG Engine               - class com.almasb.fxgl.net.NetService
10:49:15.996 [FXGL Background Thread 3 ] DEBUG Engine               - class com.almasb.fxgl.app.services.UpdaterService
10:49:15.996 [FXGL Background Thread 3 ] DEBUG Engine               - class com.almasb.fxgl.dev.DevService
10:49:53.362 [JavaFX Application Thread] DEBUG FXGLApplication      - Exiting FXGL
10:49:53.362 [JavaFX Application Thread] DEBUG LoopRunner           - Stopping loop
10:49:53.362 [JavaFX Application Thread] DEBUG SystemBundleService  - Saving FXGL system data
10:49:53.366 [JavaFX Application Thread] DEBUG FileSystemAccess     - Writing to: C:\Users\21348\Desktop\吴鹤轩\Java\CallRoll\system\fxgl.bundle
10:49:53.371 [JavaFX Application Thread] DEBUG Async                - Shutting down background threads
10:49:53.372 [JavaFX Application Thread] DEBUG PrimaryStageWindow   - Closing main window
10:49:53.401 [JavaFX Application Thread] DEBUG Logger               - Closing Logger
