13:05:40.435 [main                     ] DEBUG Logger               - Configured Logger
13:05:40.517 [main                     ] DEBUG GameApplication      - Logging settings
Title: 点名器
Version: 1.0
Width: 400
Height: 500
Fullscreen: false
Intro: false
Profiling: false
Single step:false
App Mode: DEVELOPER
Menu Key: ESCAPE
Stage Style: DECORATED
Scene Factory: class com.almasb.fxgl.app.scene.SceneFactory

13:05:41.563 [JavaFX Application Thread] DEBUG FXGLApplication      - Initializing FXGL
13:05:41.633 [JavaFX Application Thread] INFO  Engine               - FXGL-17.3 (30.03.2023 11.49) on WINDOWS (J:17.0.12 FX:17.0.6)
13:05:41.634 [JavaFX Application Thread] DEBUG Engine               - JRE Vendor Name: Oracle Corporation
13:05:41.636 [JavaFX Application Thread] DEBUG Engine               - Running on OS: Windows 10 version 10.0
13:05:41.637 [JavaFX Application Thread] DEBUG Engine               - Architecture: amd64
13:05:41.667 [JavaFX Application Thread] INFO  Engine               - Source code and latest versions at: https://github.com/AlmasB/FXGL
13:05:41.668 [JavaFX Application Thread] INFO  Engine               -       Ask questions and discuss at: https://github.com/AlmasB/FXGL/discussions
13:05:41.669 [JavaFX Application Thread] INFO  Engine               -              Join the FXGL chat at: https://gitter.im/AlmasB/FXGL
13:05:42.004 [JavaFX Application Thread] DEBUG PrimaryStageWindow   - Creating a JavaFX scene
13:05:42.105 [JavaFX Application Thread] DEBUG PrimaryStageWindow   - Target settings size: 400.0 x 500.0
13:05:42.105 [JavaFX Application Thread] DEBUG PrimaryStageWindow   - Scaled scene size:    400.0 x 500.0
13:05:42.106 [JavaFX Application Thread] DEBUG PrimaryStageWindow   - Scaled ratio: (1.0, 1.0)
13:05:42.109 [JavaFX Application Thread] DEBUG PrimaryStageWindow   - Set initial scene to FXGLStartupScene
13:05:42.124 [JavaFX Application Thread] DEBUG PrimaryStageWindow   - Opening main window
13:05:42.320 [JavaFX Application Thread] DEBUG PrimaryStageWindow   - Window border size: (16.0, 39.0)
13:05:42.321 [JavaFX Application Thread] DEBUG PrimaryStageWindow   - Scaled size: 400.0 x 500.0
13:05:42.321 [JavaFX Application Thread] DEBUG PrimaryStageWindow   - Scaled ratio: (1.0, 1.0)
13:05:42.322 [JavaFX Application Thread] DEBUG PrimaryStageWindow   - Scene size: 400.0 x 500.0
13:05:42.323 [JavaFX Application Thread] DEBUG PrimaryStageWindow   - Stage size: 416.0 x 539.0
13:05:42.337 [FXGL Background Thread 1 ] DEBUG Engine               - Initializing environment variables
13:05:42.425 [FXGL Background Thread 1 ] DEBUG FXGLAssetLoaderServi - User app class for loading assets: class com.wmp.callroll.MainApplication
13:05:42.426 [FXGL Background Thread 1 ] DEBUG GameApplicationServi - Applying CSS: fxgl_dark.css
13:05:42.428 [FXGL Background Thread 1 ] DEBUG FXGLAssetLoaderServi - Loading from file system: jar:file:///C:/Users/21348/.m2/repository/com/github/almasb/fxgl/17.3/fxgl-17.3.jar!/fxglassets/ui/css/fxgl_dark.css
13:05:42.564 [FXGL Background Thread 1 ] DEBUG GameApplicationServi - Initializing application scenes
13:05:42.792 [FXGL Background Thread 1 ] DEBUG GameWorld            - Game world initialized
13:05:42.953 [FXGL Background Thread 1 ] DEBUG PhysicsWorld         - Physics world initialized: appHeight=500, physics.ppm=50.0
13:05:42.954 [FXGL Background Thread 1 ] DEBUG PhysicsWorld         - Using strategy: BRUTE_FORCE
13:05:42.964 [FXGL Background Thread 1 ] DEBUG GameScene            - Game scene initialized: 400x500
13:05:42.999 [FXGL Background Thread 1 ] WARN  FXGL.DefaultMenu     - FXGLDefaultMenu is not designed for resolutions < 800x600
13:05:42.999 [FXGL Background Thread 1 ] DEBUG FXGL.DefaultMenu     - createMenuBodyGameMenu()
13:05:43.042 [FXGL Background Thread 1 ] DEBUG FXGL.DefaultMenu     - createOptionsMenu()
13:05:43.074 [FXGL Background Thread 1 ] DEBUG FXGLAssetLoaderServi - Loading from file system: jar:file:///C:/Users/21348/.m2/repository/com/github/almasb/fxgl/17.3/fxgl-17.3.jar!/fxglassets/textures/particles/smoke.png
13:05:43.309 [FXGL Background Thread 1 ] DEBUG FXGLAssetLoaderServi - Loading from file system: jar:file:///C:/Users/21348/.m2/repository/com/github/almasb/fxgl/17.3/fxgl-17.3.jar!/fxglassets/textures/particles/trace_horizontal.png
13:05:43.479 [FXGL Background Thread 1 ] DEBUG GameApplicationServi - Application scenes initialized
13:05:43.510 [FXGL Background Thread 1 ] DEBUG SystemBundleService  - Loading FXGL system data
13:05:43.513 [FXGL Background Thread 1 ] DEBUG FileSystemAccess     - Reading from: C:\Users\21348\Desktop\吴鹤轩\Java\CallRoll\system\fxgl.bundle
13:05:43.526 [FXGL Background Thread 1 ] DEBUG SystemBundleService  - Bundle FXGL: {}
13:05:43.526 [FXGL Background Thread 1 ] DEBUG UpdaterService       - Checking for updates
13:05:43.540 [FXGL Background Thread 4 ] DEBUG FXGLApplication      - Loading fonts
13:05:43.546 [FXGL Background Thread 4 ] DEBUG FXGLAssetLoaderServi - Loading from file system: jar:file:///C:/Users/21348/.m2/repository/com/github/almasb/fxgl/17.3/fxgl-17.3.jar!/fxglassets/ui/fonts/VarelaRound-Regular.ttf
13:05:43.539 [FXGL Background Thread 1 ] DEBUG FXGLApplication      - Loading default localization
13:05:43.552 [FXGL Background Thread 1 ] DEBUG FXGLAssetLoaderServi - Loading from file system: jar:file:///C:/Users/21348/.m2/repository/com/github/almasb/fxgl/17.3/fxgl-17.3.jar!/fxglassets/languages/english.lang
13:05:43.631 [FXGL Background Thread 1 ] INFO  FXGLApplication      - FXGL initialization took: 1.294 sec
13:05:43.634 [JavaFX Application Thread] DEBUG FXGLAssetLoaderServi - Loading from file system: jar:file:///C:/Users/21348/.m2/repository/com/github/almasb/fxgl/17.3/fxgl-17.3.jar!/fxglassets/textures/fxgl_icon.png
13:05:43.674 [FXGL Background Thread 4 ] DEBUG FXGLAssetLoaderServi - Loading from file system: jar:file:///C:/Users/21348/.m2/repository/com/github/almasb/fxgl/17.3/fxgl-17.3.jar!/fxglassets/ui/fonts/Abel-Regular.ttf
13:05:43.678 [JavaFX Application Thread] DEBUG FXGLAssetLoaderServi - Loading from file system: jar:file:///C:/Users/21348/.m2/repository/com/github/almasb/fxgl/17.3/fxgl-17.3.jar!/fxglassets/textures/fxgl_default_cursor.png
13:05:43.689 [FXGL Background Thread 4 ] DEBUG FXGLAssetLoaderServi - Loading from file system: jar:file:///C:/Users/21348/.m2/repository/com/github/almasb/fxgl/17.3/fxgl-17.3.jar!/fxglassets/ui/fonts/TerminalLandMono-Regular.otf
13:05:43.697 [FXGL Background Thread 4 ] DEBUG FXGLAssetLoaderServi - Loading from file system: jar:file:///C:/Users/21348/.m2/repository/com/github/almasb/fxgl/17.3/fxgl-17.3.jar!/fxglassets/ui/fonts/Courier-Prime.ttf
13:05:43.707 [JavaFX Application Thread] DEBUG Input                - Registered new binding: Screenshot - CTRL+8
13:05:43.708 [JavaFX Application Thread] DEBUG Input                - Registered new binding: System info dump - CTRL+9
13:05:43.709 [JavaFX Application Thread] DEBUG Input                - Registered new binding: Restart - CTRL+R
13:05:43.710 [JavaFX Application Thread] DEBUG Input                - Registered new binding: Toggle Debug Camera - CTRL+7
13:05:43.715 [JavaFX Application Thread] DEBUG LoopRunner           - Starting loop
13:05:43.716 [JavaFX Application Thread] DEBUG LoopRunner           - Initializing JavaFX AnimationTimerLoop
13:05:43.718 [JavaFX Application Thread] DEBUG GameApplicationServi - Starting new game
13:05:43.719 [JavaFX Application Thread] DEBUG Input                - Clearing active input actions
13:05:43.767 [JavaFX Application Thread] DEBUG GameApplicationServi - Removing overlay from FXGLStartupScene and adding to FXGLLoadingScene
13:05:43.767 [JavaFX Application Thread] DEBUG PrimaryStageWindow   - FXGLStartupScene -> FXGLLoadingScene
13:05:43.768 [JavaFX Application Thread] DEBUG GameApplicationServi - Clearing previous game
13:05:43.768 [JavaFX Application Thread] DEBUG GameScene            - Clearing game scene
13:05:43.768 [JavaFX Application Thread] DEBUG GameWorld            - Clearing game world
13:05:43.768 [JavaFX Application Thread] DEBUG PhysicsWorld         - Clearing physics world
13:05:43.772 [FXGL Background Thread 1 ] DEBUG FXGLApplication      - Initializing game
13:05:43.877 [FXGL Background Thread 1 ] INFO  FXGLApplication      - Game initialization took: 0.104 sec
13:05:43.985 [JavaFX Application Thread] DEBUG Input                - Clearing active input actions
13:05:44.053 [JavaFX Application Thread] DEBUG GameApplicationServi - Removing overlay from FXGLLoadingScene and adding to GameScene
13:05:44.055 [JavaFX Application Thread] DEBUG PrimaryStageWindow   - FXGLLoadingScene -> GameScene
13:05:44.366 [JavaFX Application Thread] DEBUG FXGLApplication      - Registering font factories with UI factory
13:05:44.546 [FXGL Background Thread 2 ] WARN  UpdaterService       - Failed to find updates: javax.net.ssl.SSLHandshakeException: PKIX path building failed: sun.security.provider.certpath.SunCertPathBuilderException: unable to find valid certification path to requested target
13:05:46.533 [FXGL Background Thread 3 ] DEBUG Engine               - Logging environment variables
13:05:46.534 [FXGL Background Thread 3 ] DEBUG Engine               - achievements: []
13:05:46.534 [FXGL Background Thread 3 ] DEBUG Engine               - actualHeight: 500.0
13:05:46.535 [FXGL Background Thread 3 ] DEBUG Engine               - actualHeightProperty: ReadOnlyDoubleProperty [value: 500.0]
13:05:46.535 [FXGL Background Thread 3 ] DEBUG Engine               - actualWidth: 400.0
13:05:46.535 [FXGL Background Thread 3 ] DEBUG Engine               - actualWidthProperty: ReadOnlyDoubleProperty [value: 400.0]
13:05:46.536 [FXGL Background Thread 3 ] DEBUG Engine               - appIcon: fxgl_icon.png
13:05:46.536 [FXGL Background Thread 3 ] DEBUG Engine               - applicationMode: DEVELOPER
13:05:46.537 [FXGL Background Thread 3 ] DEBUG Engine               - cSSList: [fxgl_dark.css]
13:05:46.537 [FXGL Background Thread 3 ] DEBUG Engine               - collisionDetectionStrategy: BRUTE_FORCE
13:05:46.537 [FXGL Background Thread 3 ] DEBUG Engine               - configClass: Optional.empty
13:05:46.538 [FXGL Background Thread 3 ] DEBUG Engine               - credits: []
13:05:46.538 [FXGL Background Thread 3 ] DEBUG Engine               - defaultCursor: CursorInfo(imageName=fxgl_default_cursor.png, hotspotX=7.0, hotspotY=6.0)
13:05:46.539 [FXGL Background Thread 3 ] DEBUG Engine               - devBBoxColorProperty: ObjectProperty [value: 0xff0000ff]
13:05:46.539 [FXGL Background Thread 3 ] DEBUG Engine               - devEnableDebugCameraProperty: BooleanProperty [value: false]
13:05:46.540 [FXGL Background Thread 3 ] DEBUG Engine               - devSensorColorProperty: ObjectProperty [value: 0xffff00ff]
13:05:46.540 [FXGL Background Thread 3 ] DEBUG Engine               - devShowBBoxProperty: BooleanProperty [value: false]
13:05:46.540 [FXGL Background Thread 3 ] DEBUG Engine               - devShowPositionProperty: BooleanProperty [value: false]
13:05:46.541 [FXGL Background Thread 3 ] DEBUG Engine               - enabledMenuItems: []
13:05:46.541 [FXGL Background Thread 3 ] DEBUG Engine               - engineServices: [class com.almasb.fxgl.app.services.FXGLAssetLoaderService, class com.almasb.fxgl.app.FXGLApplication$GameApplicationService, class com.almasb.fxgl.app.services.FXGLDialogService, class com.almasb.fxgl.app.services.IOTaskExecutorService, class com.almasb.fxgl.io.FileSystemService, class com.almasb.fxgl.localization.LocalizationService, class com.almasb.fxgl.app.services.SystemBundleService, class com.almasb.fxgl.profile.SaveLoadService, class com.almasb.fxgl.ui.FXGLUIFactoryServiceProvider, class com.almasb.fxgl.ui.FXGLDialogFactoryServiceProvider, class com.almasb.fxgl.audio.AudioPlayer, class com.almasb.fxgl.notification.impl.NotificationServiceProvider, class com.almasb.fxgl.achievement.AchievementService, class com.almasb.fxgl.cutscene.CutsceneService, class com.almasb.fxgl.minigames.MiniGameService, class com.almasb.fxgl.net.NetService, class com.almasb.fxgl.app.services.UpdaterService, class com.almasb.fxgl.dev.DevService]
13:05:46.541 [FXGL Background Thread 3 ] DEBUG Engine               - fontGame: Abel-Regular.ttf
13:05:46.541 [FXGL Background Thread 3 ] DEBUG Engine               - fontMono: TerminalLandMono-Regular.otf
13:05:46.541 [FXGL Background Thread 3 ] DEBUG Engine               - fontSizeScaleUI: 1.0
13:05:46.542 [FXGL Background Thread 3 ] DEBUG Engine               - fontText: Courier-Prime.ttf
13:05:46.542 [FXGL Background Thread 3 ] DEBUG Engine               - fontUI: VarelaRound-Regular.ttf
13:05:46.542 [FXGL Background Thread 3 ] DEBUG Engine               - fullScreen: BooleanProperty [value: false]
13:05:46.542 [FXGL Background Thread 3 ] DEBUG Engine               - gameDifficulty: MEDIUM
13:05:46.542 [FXGL Background Thread 3 ] DEBUG Engine               - gameDifficultyProperty: ObjectProperty [value: MEDIUM]
13:05:46.542 [FXGL Background Thread 3 ] DEBUG Engine               - globalMusicVolume: 0.5
13:05:46.543 [FXGL Background Thread 3 ] DEBUG Engine               - globalMusicVolumeProperty: DoubleProperty [value: 0.5]
13:05:46.543 [FXGL Background Thread 3 ] DEBUG Engine               - globalSoundVolume: 0.5
13:05:46.543 [FXGL Background Thread 3 ] DEBUG Engine               - globalSoundVolumeProperty: DoubleProperty [value: 0.5]
13:05:46.543 [FXGL Background Thread 3 ] DEBUG Engine               - height: 500
13:05:46.544 [FXGL Background Thread 3 ] DEBUG Engine               - is3D: false
13:05:46.544 [FXGL Background Thread 3 ] DEBUG Engine               - isAndroid: false
13:05:46.544 [FXGL Background Thread 3 ] DEBUG Engine               - isBrowser: false
13:05:46.544 [FXGL Background Thread 3 ] DEBUG Engine               - isClickFeedbackEnabled: false
13:05:46.544 [FXGL Background Thread 3 ] DEBUG Engine               - isCloseConfirmation: false
13:05:46.544 [FXGL Background Thread 3 ] DEBUG Engine               - isDesktop: true
13:05:46.544 [FXGL Background Thread 3 ] DEBUG Engine               - isDeveloperMenuEnabled: false
13:05:46.545 [FXGL Background Thread 3 ] DEBUG Engine               - isEmbedded: false
13:05:46.545 [FXGL Background Thread 3 ] DEBUG Engine               - isEntityPreloadEnabled: true
13:05:46.545 [FXGL Background Thread 3 ] DEBUG Engine               - isExperimentalTiledLargeMap: false
13:05:46.545 [FXGL Background Thread 3 ] DEBUG Engine               - isFileSystemWriteAllowed: true
13:05:46.545 [FXGL Background Thread 3 ] DEBUG Engine               - isFullScreenAllowed: false
13:05:46.546 [FXGL Background Thread 3 ] DEBUG Engine               - isFullScreenFromStart: false
13:05:46.546 [FXGL Background Thread 3 ] DEBUG Engine               - isGameMenuEnabled: true
13:05:46.546 [FXGL Background Thread 3 ] DEBUG Engine               - isIOS: false
13:05:46.546 [FXGL Background Thread 3 ] DEBUG Engine               - isIntroEnabled: false
13:05:46.546 [FXGL Background Thread 3 ] DEBUG Engine               - isLinux: false
13:05:46.546 [FXGL Background Thread 3 ] DEBUG Engine               - isMac: false
13:05:46.546 [FXGL Background Thread 3 ] DEBUG Engine               - isMainMenuEnabled: false
13:05:46.547 [FXGL Background Thread 3 ] DEBUG Engine               - isManualResizeEnabled: false
13:05:46.547 [FXGL Background Thread 3 ] DEBUG Engine               - isMobile: false
13:05:46.547 [FXGL Background Thread 3 ] DEBUG Engine               - isNative: false
13:05:46.547 [FXGL Background Thread 3 ] DEBUG Engine               - isPauseMusicWhenMinimized: true
13:05:46.547 [FXGL Background Thread 3 ] DEBUG Engine               - isPreserveResizeRatio: false
13:05:46.548 [FXGL Background Thread 3 ] DEBUG Engine               - isProfilingEnabled: false
13:05:46.548 [FXGL Background Thread 3 ] DEBUG Engine               - isScaleAffectedOnResize: true
13:05:46.548 [FXGL Background Thread 3 ] DEBUG Engine               - isSingleStep: false
13:05:46.548 [FXGL Background Thread 3 ] DEBUG Engine               - isUserProfileEnabled: false
13:05:46.548 [FXGL Background Thread 3 ] DEBUG Engine               - isWindows: true
13:05:46.548 [FXGL Background Thread 3 ] DEBUG Engine               - language: ObjectProperty [value: ENGLISH]
13:05:46.548 [FXGL Background Thread 3 ] DEBUG Engine               - menuKey: ESCAPE
13:05:46.549 [FXGL Background Thread 3 ] DEBUG Engine               - mouseSensitivity: 0.2
13:05:46.552 [FXGL Background Thread 3 ] DEBUG Engine               - notificationViewClass: class com.almasb.fxgl.notification.view.XboxNotificationView
13:05:46.552 [FXGL Background Thread 3 ] DEBUG Engine               - pixelsPerMeter: 50.0
13:05:46.552 [FXGL Background Thread 3 ] DEBUG Engine               - platform: WINDOWS
13:05:46.553 [FXGL Background Thread 3 ] DEBUG Engine               - prefHeightProperty: ReadOnlyDoubleProperty [value: 500.0]
13:05:46.553 [FXGL Background Thread 3 ] DEBUG Engine               - prefWidthProperty: ReadOnlyDoubleProperty [value: 400.0]
13:05:46.553 [FXGL Background Thread 3 ] DEBUG Engine               - profileDir: profiles/
13:05:46.553 [FXGL Background Thread 3 ] DEBUG Engine               - profileName: StringProperty [value: DEFAULT]
13:05:46.553 [FXGL Background Thread 3 ] DEBUG Engine               - randomSeed: -1
13:05:46.554 [FXGL Background Thread 3 ] DEBUG Engine               - runtimeInfo: RuntimeInfo(platform=WINDOWS, version=17.3, build=30.03.2023 11.49)
13:05:46.554 [FXGL Background Thread 3 ] DEBUG Engine               - saveFileExt: sav
13:05:46.555 [FXGL Background Thread 3 ] DEBUG Engine               - scaledHeightProp$fxgl: DoubleProperty [bound, value: 500.0]
13:05:46.555 [FXGL Background Thread 3 ] DEBUG Engine               - scaledWidthProp$fxgl: DoubleProperty [bound, value: 400.0]
13:05:46.555 [FXGL Background Thread 3 ] DEBUG Engine               - sceneFactory: com.almasb.fxgl.app.scene.SceneFactory@4d9d9869
13:05:46.555 [FXGL Background Thread 3 ] DEBUG Engine               - secondsIn24h: 60
13:05:46.555 [FXGL Background Thread 3 ] DEBUG Engine               - soundMenuBack: menu/back.wav
13:05:46.555 [FXGL Background Thread 3 ] DEBUG Engine               - soundMenuPress: menu/press.wav
13:05:46.556 [FXGL Background Thread 3 ] DEBUG Engine               - soundMenuSelect: menu/select.wav
13:05:46.556 [FXGL Background Thread 3 ] DEBUG Engine               - soundNotification: core/notification.wav
13:05:46.556 [FXGL Background Thread 3 ] DEBUG Engine               - stageStyle: DECORATED
13:05:46.556 [FXGL Background Thread 3 ] DEBUG Engine               - supportedLanguages: [ENGLISH, FRENCH, GERMAN, HUNGARIAN, RUSSIAN]
13:05:46.556 [FXGL Background Thread 3 ] DEBUG Engine               - ticksPerSecond: -1
13:05:46.556 [FXGL Background Thread 3 ] DEBUG Engine               - title: 点名器
13:05:46.556 [FXGL Background Thread 3 ] DEBUG Engine               - urlGithub: https://github.com/AlmasB/FXGL
13:05:46.557 [FXGL Background Thread 3 ] DEBUG Engine               - urlLeaderboard: http://fxgl-top.herokuapp.com/
13:05:46.557 [FXGL Background Thread 3 ] DEBUG Engine               - urlPOM: https://raw.githubusercontent.com/AlmasB/FXGL/release/README.md
13:05:46.557 [FXGL Background Thread 3 ] DEBUG Engine               - userAppClass: class com.wmp.callroll.MainApplication
13:05:46.557 [FXGL Background Thread 3 ] DEBUG Engine               - version: 1.0
13:05:46.557 [FXGL Background Thread 3 ] DEBUG Engine               - versionCheckDays: 7
13:05:46.557 [FXGL Background Thread 3 ] DEBUG Engine               - width: 400
13:05:46.557 [FXGL Background Thread 3 ] DEBUG Engine               - Logging services
13:05:46.558 [FXGL Background Thread 3 ] DEBUG Engine               - class com.almasb.fxgl.app.services.FXGLAssetLoaderService
13:05:46.558 [FXGL Background Thread 3 ] DEBUG Engine               - class com.almasb.fxgl.app.FXGLApplication$GameApplicationService
13:05:46.558 [FXGL Background Thread 3 ] DEBUG Engine               - class com.almasb.fxgl.app.services.FXGLDialogService
13:05:46.558 [FXGL Background Thread 3 ] DEBUG Engine               - class com.almasb.fxgl.app.services.IOTaskExecutorService
13:05:46.558 [FXGL Background Thread 3 ] DEBUG Engine               - class com.almasb.fxgl.io.FileSystemService
13:05:46.558 [FXGL Background Thread 3 ] DEBUG Engine               - class com.almasb.fxgl.localization.LocalizationService
13:05:46.559 [FXGL Background Thread 3 ] DEBUG Engine               - class com.almasb.fxgl.app.services.SystemBundleService
13:05:46.559 [FXGL Background Thread 3 ] DEBUG Engine               - class com.almasb.fxgl.profile.SaveLoadService
13:05:46.559 [FXGL Background Thread 3 ] DEBUG Engine               - class com.almasb.fxgl.ui.FXGLUIFactoryServiceProvider
13:05:46.559 [FXGL Background Thread 3 ] DEBUG Engine               - class com.almasb.fxgl.ui.FXGLDialogFactoryServiceProvider
13:05:46.559 [FXGL Background Thread 3 ] DEBUG Engine               - class com.almasb.fxgl.audio.AudioPlayer
13:05:46.559 [FXGL Background Thread 3 ] DEBUG Engine               - class com.almasb.fxgl.notification.impl.NotificationServiceProvider
13:05:46.559 [FXGL Background Thread 3 ] DEBUG Engine               - class com.almasb.fxgl.achievement.AchievementService
13:05:46.559 [FXGL Background Thread 3 ] DEBUG Engine               - class com.almasb.fxgl.cutscene.CutsceneService
13:05:46.560 [FXGL Background Thread 3 ] DEBUG Engine               - class com.almasb.fxgl.minigames.MiniGameService
13:05:46.560 [FXGL Background Thread 3 ] DEBUG Engine               - class com.almasb.fxgl.net.NetService
13:05:46.560 [FXGL Background Thread 3 ] DEBUG Engine               - class com.almasb.fxgl.app.services.UpdaterService
13:05:46.560 [FXGL Background Thread 3 ] DEBUG Engine               - class com.almasb.fxgl.dev.DevService
13:07:09.480 [JavaFX Application Thread] DEBUG FXGLApplication      - Exiting FXGL
13:07:09.481 [JavaFX Application Thread] DEBUG LoopRunner           - Stopping loop
13:07:09.481 [JavaFX Application Thread] DEBUG SystemBundleService  - Saving FXGL system data
13:07:09.483 [JavaFX Application Thread] DEBUG FileSystemAccess     - Writing to: C:\Users\21348\Desktop\吴鹤轩\Java\CallRoll\system\fxgl.bundle
13:07:09.484 [JavaFX Application Thread] DEBUG Async                - Shutting down background threads
13:07:09.485 [JavaFX Application Thread] DEBUG PrimaryStageWindow   - Closing main window
13:07:09.511 [JavaFX Application Thread] DEBUG Logger               - Closing Logger
