19:36:06.121 [main                     ] DEBUG Logger               - Configured Logger
19:36:06.203 [main                     ] DEBUG GameApplication      - Logging settings
Title: 点名器
Version: 1.0
Width: 400
Height: 500
Fullscreen: false
Intro: false
Profiling: false
Single step:false
App Mode: DEVELOPER
Menu Key: ESCAPE
Stage Style: DECORATED
Scene Factory: class com.almasb.fxgl.app.scene.SceneFactory

19:36:08.552 [JavaFX Application Thread] DEBUG FXGLApplication      - Initializing FXGL
19:36:08.574 [JavaFX Application Thread] INFO  Engine               - FXGL-17.3 (30.03.2023 11.49) on WINDOWS (J:17.0.12 FX:17.0.6)
19:36:08.574 [JavaFX Application Thread] DEBUG Engine               - JRE Vendor Name: Oracle Corporation
19:36:08.575 [JavaFX Application Thread] DEBUG Engine               - Running on OS: Windows 10 version 10.0
19:36:08.578 [JavaFX Application Thread] DEBUG Engine               - Architecture: amd64
19:36:08.579 [JavaFX Application Thread] INFO  Engine               - Source code and latest versions at: https://github.com/AlmasB/FXGL
19:36:08.579 [JavaFX Application Thread] INFO  Engine               -       Ask questions and discuss at: https://github.com/AlmasB/FXGL/discussions
19:36:08.579 [JavaFX Application Thread] INFO  Engine               -              Join the FXGL chat at: https://gitter.im/AlmasB/FXGL
19:36:09.632 [JavaFX Application Thread] DEBUG PrimaryStageWindow   - Creating a JavaFX scene
19:36:09.873 [JavaFX Application Thread] DEBUG PrimaryStageWindow   - Target settings size: 400.0 x 500.0
19:36:09.873 [JavaFX Application Thread] DEBUG PrimaryStageWindow   - Scaled scene size:    400.0 x 500.0
19:36:09.874 [JavaFX Application Thread] DEBUG PrimaryStageWindow   - Scaled ratio: (1.0, 1.0)
19:36:09.878 [JavaFX Application Thread] DEBUG PrimaryStageWindow   - Set initial scene to FXGLStartupScene
19:36:09.900 [JavaFX Application Thread] DEBUG PrimaryStageWindow   - Opening main window
19:36:10.484 [JavaFX Application Thread] DEBUG PrimaryStageWindow   - Window border size: (16.0, 39.0)
19:36:10.485 [JavaFX Application Thread] DEBUG PrimaryStageWindow   - Scaled size: 400.0 x 500.0
19:36:10.485 [JavaFX Application Thread] DEBUG PrimaryStageWindow   - Scaled ratio: (1.0, 1.0)
19:36:10.486 [JavaFX Application Thread] DEBUG PrimaryStageWindow   - Scene size: 400.0 x 500.0
19:36:10.487 [JavaFX Application Thread] DEBUG PrimaryStageWindow   - Stage size: 416.0 x 539.0
19:36:10.606 [FXGL Background Thread 1 ] DEBUG Engine               - Initializing environment variables
19:36:10.697 [FXGL Background Thread 1 ] DEBUG FXGLAssetLoaderServi - User app class for loading assets: class com.wmp.callroll.MainApplication
19:36:10.698 [FXGL Background Thread 1 ] DEBUG GameApplicationServi - Applying CSS: fxgl_dark.css
19:36:10.702 [FXGL Background Thread 1 ] DEBUG FXGLAssetLoaderServi - Loading from file system: jar:file:///C:/Users/21348/.m2/repository/com/github/almasb/fxgl/17.3/fxgl-17.3.jar!/fxglassets/ui/css/fxgl_dark.css
19:36:10.953 [FXGL Background Thread 1 ] DEBUG GameApplicationServi - Initializing application scenes
19:36:11.542 [FXGL Background Thread 1 ] DEBUG GameWorld            - Game world initialized
19:36:11.943 [FXGL Background Thread 1 ] DEBUG PhysicsWorld         - Physics world initialized: appHeight=500, physics.ppm=50.0
19:36:11.943 [FXGL Background Thread 1 ] DEBUG PhysicsWorld         - Using strategy: BRUTE_FORCE
19:36:11.960 [FXGL Background Thread 1 ] DEBUG GameScene            - Game scene initialized: 400x500
19:36:11.996 [FXGL Background Thread 1 ] WARN  FXGL.DefaultMenu     - FXGLDefaultMenu is not designed for resolutions < 800x600
19:36:11.997 [FXGL Background Thread 1 ] DEBUG FXGL.DefaultMenu     - createMenuBodyGameMenu()
19:36:12.043 [FXGL Background Thread 1 ] DEBUG FXGL.DefaultMenu     - createOptionsMenu()
19:36:12.085 [FXGL Background Thread 1 ] DEBUG FXGLAssetLoaderServi - Loading from file system: jar:file:///C:/Users/21348/.m2/repository/com/github/almasb/fxgl/17.3/fxgl-17.3.jar!/fxglassets/textures/particles/smoke.png
19:36:12.389 [FXGL Background Thread 1 ] DEBUG FXGLAssetLoaderServi - Loading from file system: jar:file:///C:/Users/21348/.m2/repository/com/github/almasb/fxgl/17.3/fxgl-17.3.jar!/fxglassets/textures/particles/trace_horizontal.png
19:36:12.475 [FXGL Background Thread 1 ] DEBUG GameApplicationServi - Application scenes initialized
19:36:12.504 [FXGL Background Thread 1 ] DEBUG SystemBundleService  - Loading FXGL system data
19:36:12.508 [FXGL Background Thread 1 ] DEBUG FileSystemAccess     - Reading from: C:\Users\21348\Desktop\吴鹤轩\Java\CallRoll\system\fxgl.bundle
19:36:12.538 [FXGL Background Thread 1 ] DEBUG SystemBundleService  - Bundle FXGL: {}
19:36:12.538 [FXGL Background Thread 1 ] DEBUG UpdaterService       - Checking for updates
19:36:12.555 [FXGL Background Thread 1 ] DEBUG FXGLApplication      - Loading default localization
19:36:12.558 [FXGL Background Thread 1 ] DEBUG FXGLAssetLoaderServi - Loading from file system: jar:file:///C:/Users/21348/.m2/repository/com/github/almasb/fxgl/17.3/fxgl-17.3.jar!/fxglassets/languages/english.lang
19:36:12.595 [FXGL Background Thread 1 ] INFO  FXGLApplication      - FXGL initialization took: 1.988 sec
19:36:12.597 [JavaFX Application Thread] DEBUG FXGLAssetLoaderServi - Loading from file system: jar:file:///C:/Users/21348/.m2/repository/com/github/almasb/fxgl/17.3/fxgl-17.3.jar!/fxglassets/textures/fxgl_icon.png
19:36:12.651 [JavaFX Application Thread] DEBUG FXGLAssetLoaderServi - Loading from file system: jar:file:///C:/Users/21348/.m2/repository/com/github/almasb/fxgl/17.3/fxgl-17.3.jar!/fxglassets/textures/fxgl_default_cursor.png
19:36:12.667 [FXGL Background Thread 4 ] DEBUG FXGLApplication      - Loading fonts
19:36:12.668 [FXGL Background Thread 4 ] DEBUG FXGLAssetLoaderServi - Loading from file system: jar:file:///C:/Users/21348/.m2/repository/com/github/almasb/fxgl/17.3/fxgl-17.3.jar!/fxglassets/ui/fonts/VarelaRound-Regular.ttf
19:36:12.676 [JavaFX Application Thread] DEBUG Input                - Registered new binding: Screenshot - CTRL+8
19:36:12.677 [JavaFX Application Thread] DEBUG Input                - Registered new binding: System info dump - CTRL+9
19:36:12.678 [JavaFX Application Thread] DEBUG Input                - Registered new binding: Restart - CTRL+R
19:36:12.679 [JavaFX Application Thread] DEBUG Input                - Registered new binding: Toggle Debug Camera - CTRL+7
19:36:12.686 [JavaFX Application Thread] DEBUG LoopRunner           - Starting loop
19:36:12.686 [JavaFX Application Thread] DEBUG LoopRunner           - Initializing JavaFX AnimationTimerLoop
19:36:12.689 [JavaFX Application Thread] DEBUG GameApplicationServi - Starting new game
19:36:12.692 [JavaFX Application Thread] DEBUG Input                - Clearing active input actions
19:36:12.719 [JavaFX Application Thread] DEBUG GameApplicationServi - Removing overlay from FXGLStartupScene and adding to FXGLLoadingScene
19:36:12.720 [JavaFX Application Thread] DEBUG PrimaryStageWindow   - FXGLStartupScene -> FXGLLoadingScene
19:36:12.720 [JavaFX Application Thread] DEBUG GameApplicationServi - Clearing previous game
19:36:12.721 [JavaFX Application Thread] DEBUG GameScene            - Clearing game scene
19:36:12.721 [JavaFX Application Thread] DEBUG GameWorld            - Clearing game world
19:36:12.721 [JavaFX Application Thread] DEBUG PhysicsWorld         - Clearing physics world
19:36:12.725 [FXGL Background Thread 1 ] DEBUG FXGLApplication      - Initializing game
19:36:13.047 [FXGL Background Thread 4 ] DEBUG FXGLAssetLoaderServi - Loading from file system: jar:file:///C:/Users/21348/.m2/repository/com/github/almasb/fxgl/17.3/fxgl-17.3.jar!/fxglassets/ui/fonts/Abel-Regular.ttf
19:36:13.055 [FXGL Background Thread 1 ] INFO  FXGLApplication      - Game initialization took: 0.331 sec
19:36:13.090 [FXGL Background Thread 4 ] DEBUG FXGLAssetLoaderServi - Loading from file system: jar:file:///C:/Users/21348/.m2/repository/com/github/almasb/fxgl/17.3/fxgl-17.3.jar!/fxglassets/ui/fonts/TerminalLandMono-Regular.otf
19:36:13.283 [FXGL Background Thread 4 ] DEBUG FXGLAssetLoaderServi - Loading from file system: jar:file:///C:/Users/21348/.m2/repository/com/github/almasb/fxgl/17.3/fxgl-17.3.jar!/fxglassets/ui/fonts/Courier-Prime.ttf
19:36:13.328 [JavaFX Application Thread] DEBUG Input                - Clearing active input actions
19:36:13.391 [JavaFX Application Thread] DEBUG GameApplicationServi - Removing overlay from FXGLLoadingScene and adding to GameScene
19:36:13.392 [JavaFX Application Thread] DEBUG PrimaryStageWindow   - FXGLLoadingScene -> GameScene
19:36:13.700 [JavaFX Application Thread] DEBUG FXGLApplication      - Registering font factories with UI factory
19:36:13.895 [FXGL Background Thread 2 ] WARN  UpdaterService       - Failed to find updates: javax.net.ssl.SSLHandshakeException: PKIX path building failed: sun.security.provider.certpath.SunCertPathBuilderException: unable to find valid certification path to requested target
19:36:15.552 [FXGL Background Thread 3 ] DEBUG Engine               - Logging environment variables
19:36:15.553 [FXGL Background Thread 3 ] DEBUG Engine               - achievements: []
19:36:15.553 [FXGL Background Thread 3 ] DEBUG Engine               - actualHeight: 500.0
19:36:15.553 [FXGL Background Thread 3 ] DEBUG Engine               - actualHeightProperty: ReadOnlyDoubleProperty [value: 500.0]
19:36:15.553 [FXGL Background Thread 3 ] DEBUG Engine               - actualWidth: 400.0
19:36:15.553 [FXGL Background Thread 3 ] DEBUG Engine               - actualWidthProperty: ReadOnlyDoubleProperty [value: 400.0]
19:36:15.554 [FXGL Background Thread 3 ] DEBUG Engine               - appIcon: fxgl_icon.png
19:36:15.554 [FXGL Background Thread 3 ] DEBUG Engine               - applicationMode: DEVELOPER
19:36:15.554 [FXGL Background Thread 3 ] DEBUG Engine               - cSSList: [fxgl_dark.css]
19:36:15.554 [FXGL Background Thread 3 ] DEBUG Engine               - collisionDetectionStrategy: BRUTE_FORCE
19:36:15.554 [FXGL Background Thread 3 ] DEBUG Engine               - configClass: Optional.empty
19:36:15.554 [FXGL Background Thread 3 ] DEBUG Engine               - credits: []
19:36:15.559 [FXGL Background Thread 3 ] DEBUG Engine               - defaultCursor: CursorInfo(imageName=fxgl_default_cursor.png, hotspotX=7.0, hotspotY=6.0)
19:36:15.561 [FXGL Background Thread 3 ] DEBUG Engine               - devBBoxColorProperty: ObjectProperty [value: 0xff0000ff]
19:36:15.561 [FXGL Background Thread 3 ] DEBUG Engine               - devEnableDebugCameraProperty: BooleanProperty [value: false]
19:36:15.562 [FXGL Background Thread 3 ] DEBUG Engine               - devSensorColorProperty: ObjectProperty [value: 0xffff00ff]
19:36:15.562 [FXGL Background Thread 3 ] DEBUG Engine               - devShowBBoxProperty: BooleanProperty [value: false]
19:36:15.562 [FXGL Background Thread 3 ] DEBUG Engine               - devShowPositionProperty: BooleanProperty [value: false]
19:36:15.563 [FXGL Background Thread 3 ] DEBUG Engine               - enabledMenuItems: []
19:36:15.563 [FXGL Background Thread 3 ] DEBUG Engine               - engineServices: [class com.almasb.fxgl.app.services.FXGLAssetLoaderService, class com.almasb.fxgl.app.FXGLApplication$GameApplicationService, class com.almasb.fxgl.app.services.FXGLDialogService, class com.almasb.fxgl.app.services.IOTaskExecutorService, class com.almasb.fxgl.io.FileSystemService, class com.almasb.fxgl.localization.LocalizationService, class com.almasb.fxgl.app.services.SystemBundleService, class com.almasb.fxgl.profile.SaveLoadService, class com.almasb.fxgl.ui.FXGLUIFactoryServiceProvider, class com.almasb.fxgl.ui.FXGLDialogFactoryServiceProvider, class com.almasb.fxgl.audio.AudioPlayer, class com.almasb.fxgl.notification.impl.NotificationServiceProvider, class com.almasb.fxgl.achievement.AchievementService, class com.almasb.fxgl.cutscene.CutsceneService, class com.almasb.fxgl.minigames.MiniGameService, class com.almasb.fxgl.net.NetService, class com.almasb.fxgl.app.services.UpdaterService, class com.almasb.fxgl.dev.DevService]
19:36:15.563 [FXGL Background Thread 3 ] DEBUG Engine               - fontGame: Abel-Regular.ttf
19:36:15.563 [FXGL Background Thread 3 ] DEBUG Engine               - fontMono: TerminalLandMono-Regular.otf
19:36:15.563 [FXGL Background Thread 3 ] DEBUG Engine               - fontSizeScaleUI: 1.0
19:36:15.564 [FXGL Background Thread 3 ] DEBUG Engine               - fontText: Courier-Prime.ttf
19:36:15.564 [FXGL Background Thread 3 ] DEBUG Engine               - fontUI: VarelaRound-Regular.ttf
19:36:15.565 [FXGL Background Thread 3 ] DEBUG Engine               - fullScreen: BooleanProperty [value: false]
19:36:15.565 [FXGL Background Thread 3 ] DEBUG Engine               - gameDifficulty: MEDIUM
19:36:15.565 [FXGL Background Thread 3 ] DEBUG Engine               - gameDifficultyProperty: ObjectProperty [value: MEDIUM]
19:36:15.565 [FXGL Background Thread 3 ] DEBUG Engine               - globalMusicVolume: 0.5
19:36:15.566 [FXGL Background Thread 3 ] DEBUG Engine               - globalMusicVolumeProperty: DoubleProperty [value: 0.5]
19:36:15.566 [FXGL Background Thread 3 ] DEBUG Engine               - globalSoundVolume: 0.5
19:36:15.566 [FXGL Background Thread 3 ] DEBUG Engine               - globalSoundVolumeProperty: DoubleProperty [value: 0.5]
19:36:15.566 [FXGL Background Thread 3 ] DEBUG Engine               - height: 500
19:36:15.566 [FXGL Background Thread 3 ] DEBUG Engine               - is3D: false
19:36:15.567 [FXGL Background Thread 3 ] DEBUG Engine               - isAndroid: false
19:36:15.567 [FXGL Background Thread 3 ] DEBUG Engine               - isBrowser: false
19:36:15.568 [FXGL Background Thread 3 ] DEBUG Engine               - isClickFeedbackEnabled: false
19:36:15.568 [FXGL Background Thread 3 ] DEBUG Engine               - isCloseConfirmation: false
19:36:15.568 [FXGL Background Thread 3 ] DEBUG Engine               - isDesktop: true
19:36:15.569 [FXGL Background Thread 3 ] DEBUG Engine               - isDeveloperMenuEnabled: false
19:36:15.569 [FXGL Background Thread 3 ] DEBUG Engine               - isEmbedded: false
19:36:15.569 [FXGL Background Thread 3 ] DEBUG Engine               - isEntityPreloadEnabled: true
19:36:15.569 [FXGL Background Thread 3 ] DEBUG Engine               - isExperimentalTiledLargeMap: false
19:36:15.569 [FXGL Background Thread 3 ] DEBUG Engine               - isFileSystemWriteAllowed: true
19:36:15.569 [FXGL Background Thread 3 ] DEBUG Engine               - isFullScreenAllowed: false
19:36:15.570 [FXGL Background Thread 3 ] DEBUG Engine               - isFullScreenFromStart: false
19:36:15.570 [FXGL Background Thread 3 ] DEBUG Engine               - isGameMenuEnabled: true
19:36:15.570 [FXGL Background Thread 3 ] DEBUG Engine               - isIOS: false
19:36:15.570 [FXGL Background Thread 3 ] DEBUG Engine               - isIntroEnabled: false
19:36:15.571 [FXGL Background Thread 3 ] DEBUG Engine               - isLinux: false
19:36:15.571 [FXGL Background Thread 3 ] DEBUG Engine               - isMac: false
19:36:15.571 [FXGL Background Thread 3 ] DEBUG Engine               - isMainMenuEnabled: false
19:36:15.572 [FXGL Background Thread 3 ] DEBUG Engine               - isManualResizeEnabled: false
19:36:15.572 [FXGL Background Thread 3 ] DEBUG Engine               - isMobile: false
19:36:15.572 [FXGL Background Thread 3 ] DEBUG Engine               - isNative: false
19:36:15.572 [FXGL Background Thread 3 ] DEBUG Engine               - isPauseMusicWhenMinimized: true
19:36:15.573 [FXGL Background Thread 3 ] DEBUG Engine               - isPreserveResizeRatio: false
19:36:15.573 [FXGL Background Thread 3 ] DEBUG Engine               - isProfilingEnabled: false
19:36:15.574 [FXGL Background Thread 3 ] DEBUG Engine               - isScaleAffectedOnResize: true
19:36:15.574 [FXGL Background Thread 3 ] DEBUG Engine               - isSingleStep: false
19:36:15.575 [FXGL Background Thread 3 ] DEBUG Engine               - isUserProfileEnabled: false
19:36:15.575 [FXGL Background Thread 3 ] DEBUG Engine               - isWindows: true
19:36:15.575 [FXGL Background Thread 3 ] DEBUG Engine               - language: ObjectProperty [value: ENGLISH]
19:36:15.575 [FXGL Background Thread 3 ] DEBUG Engine               - menuKey: ESCAPE
19:36:15.575 [FXGL Background Thread 3 ] DEBUG Engine               - mouseSensitivity: 0.2
19:36:15.575 [FXGL Background Thread 3 ] DEBUG Engine               - notificationViewClass: class com.almasb.fxgl.notification.view.XboxNotificationView
19:36:15.576 [FXGL Background Thread 3 ] DEBUG Engine               - pixelsPerMeter: 50.0
19:36:15.576 [FXGL Background Thread 3 ] DEBUG Engine               - platform: WINDOWS
19:36:15.576 [FXGL Background Thread 3 ] DEBUG Engine               - prefHeightProperty: ReadOnlyDoubleProperty [value: 500.0]
19:36:15.576 [FXGL Background Thread 3 ] DEBUG Engine               - prefWidthProperty: ReadOnlyDoubleProperty [value: 400.0]
19:36:15.576 [FXGL Background Thread 3 ] DEBUG Engine               - profileDir: profiles/
19:36:15.576 [FXGL Background Thread 3 ] DEBUG Engine               - profileName: StringProperty [value: DEFAULT]
19:36:15.577 [FXGL Background Thread 3 ] DEBUG Engine               - randomSeed: -1
19:36:15.577 [FXGL Background Thread 3 ] DEBUG Engine               - runtimeInfo: RuntimeInfo(platform=WINDOWS, version=17.3, build=30.03.2023 11.49)
19:36:15.578 [FXGL Background Thread 3 ] DEBUG Engine               - saveFileExt: sav
19:36:15.578 [FXGL Background Thread 3 ] DEBUG Engine               - scaledHeightProp$fxgl: DoubleProperty [bound, value: 500.0]
19:36:15.578 [FXGL Background Thread 3 ] DEBUG Engine               - scaledWidthProp$fxgl: DoubleProperty [bound, value: 400.0]
19:36:15.578 [FXGL Background Thread 3 ] DEBUG Engine               - sceneFactory: com.almasb.fxgl.app.scene.SceneFactory@4d9d9869
19:36:15.578 [FXGL Background Thread 3 ] DEBUG Engine               - secondsIn24h: 60
19:36:15.578 [FXGL Background Thread 3 ] DEBUG Engine               - soundMenuBack: menu/back.wav
19:36:15.578 [FXGL Background Thread 3 ] DEBUG Engine               - soundMenuPress: menu/press.wav
19:36:15.579 [FXGL Background Thread 3 ] DEBUG Engine               - soundMenuSelect: menu/select.wav
19:36:15.579 [FXGL Background Thread 3 ] DEBUG Engine               - soundNotification: core/notification.wav
19:36:15.579 [FXGL Background Thread 3 ] DEBUG Engine               - stageStyle: DECORATED
19:36:15.579 [FXGL Background Thread 3 ] DEBUG Engine               - supportedLanguages: [ENGLISH, FRENCH, GERMAN, HUNGARIAN, RUSSIAN]
19:36:15.579 [FXGL Background Thread 3 ] DEBUG Engine               - ticksPerSecond: -1
19:36:15.579 [FXGL Background Thread 3 ] DEBUG Engine               - title: 点名器
19:36:15.579 [FXGL Background Thread 3 ] DEBUG Engine               - urlGithub: https://github.com/AlmasB/FXGL
19:36:15.580 [FXGL Background Thread 3 ] DEBUG Engine               - urlLeaderboard: http://fxgl-top.herokuapp.com/
19:36:15.584 [FXGL Background Thread 3 ] DEBUG Engine               - urlPOM: https://raw.githubusercontent.com/AlmasB/FXGL/release/README.md
19:36:15.584 [FXGL Background Thread 3 ] DEBUG Engine               - userAppClass: class com.wmp.callroll.MainApplication
19:36:15.585 [FXGL Background Thread 3 ] DEBUG Engine               - version: 1.0
19:36:15.585 [FXGL Background Thread 3 ] DEBUG Engine               - versionCheckDays: 7
19:36:15.585 [FXGL Background Thread 3 ] DEBUG Engine               - width: 400
19:36:15.585 [FXGL Background Thread 3 ] DEBUG Engine               - Logging services
19:36:15.585 [FXGL Background Thread 3 ] DEBUG Engine               - class com.almasb.fxgl.app.services.FXGLAssetLoaderService
19:36:15.585 [FXGL Background Thread 3 ] DEBUG Engine               - class com.almasb.fxgl.app.FXGLApplication$GameApplicationService
19:36:15.585 [FXGL Background Thread 3 ] DEBUG Engine               - class com.almasb.fxgl.app.services.FXGLDialogService
19:36:15.586 [FXGL Background Thread 3 ] DEBUG Engine               - class com.almasb.fxgl.app.services.IOTaskExecutorService
19:36:15.586 [FXGL Background Thread 3 ] DEBUG Engine               - class com.almasb.fxgl.io.FileSystemService
19:36:15.586 [FXGL Background Thread 3 ] DEBUG Engine               - class com.almasb.fxgl.localization.LocalizationService
19:36:15.586 [FXGL Background Thread 3 ] DEBUG Engine               - class com.almasb.fxgl.app.services.SystemBundleService
19:36:15.586 [FXGL Background Thread 3 ] DEBUG Engine               - class com.almasb.fxgl.profile.SaveLoadService
19:36:15.586 [FXGL Background Thread 3 ] DEBUG Engine               - class com.almasb.fxgl.ui.FXGLUIFactoryServiceProvider
19:36:15.586 [FXGL Background Thread 3 ] DEBUG Engine               - class com.almasb.fxgl.ui.FXGLDialogFactoryServiceProvider
19:36:15.587 [FXGL Background Thread 3 ] DEBUG Engine               - class com.almasb.fxgl.audio.AudioPlayer
19:36:15.587 [FXGL Background Thread 3 ] DEBUG Engine               - class com.almasb.fxgl.notification.impl.NotificationServiceProvider
19:36:15.587 [FXGL Background Thread 3 ] DEBUG Engine               - class com.almasb.fxgl.achievement.AchievementService
19:36:15.587 [FXGL Background Thread 3 ] DEBUG Engine               - class com.almasb.fxgl.cutscene.CutsceneService
19:36:15.587 [FXGL Background Thread 3 ] DEBUG Engine               - class com.almasb.fxgl.minigames.MiniGameService
19:36:15.587 [FXGL Background Thread 3 ] DEBUG Engine               - class com.almasb.fxgl.net.NetService
19:36:15.587 [FXGL Background Thread 3 ] DEBUG Engine               - class com.almasb.fxgl.app.services.UpdaterService
19:36:15.587 [FXGL Background Thread 3 ] DEBUG Engine               - class com.almasb.fxgl.dev.DevService
19:37:10.868 [JavaFX Application Thread] DEBUG FXGLApplication      - Exiting FXGL
19:37:10.869 [JavaFX Application Thread] DEBUG LoopRunner           - Stopping loop
19:37:10.869 [JavaFX Application Thread] DEBUG SystemBundleService  - Saving FXGL system data
19:37:10.872 [JavaFX Application Thread] DEBUG FileSystemAccess     - Writing to: C:\Users\21348\Desktop\吴鹤轩\Java\CallRoll\system\fxgl.bundle
19:37:10.874 [JavaFX Application Thread] DEBUG Async                - Shutting down background threads
19:37:10.875 [JavaFX Application Thread] DEBUG PrimaryStageWindow   - Closing main window
19:37:10.894 [JavaFX Application Thread] DEBUG Logger               - Closing Logger
